Component: ARM Compiler 5.06 update 3 (build 300) Tool: armlink [4d35c9]

==============================================================================

Section Cross References

    main.o(i.main) refers to _printf_percent.o(.ARM.Collect$$_printf_percent$$00000000) for _printf_percent
    main.o(i.main) refers to _printf_d.o(.ARM.Collect$$_printf_percent$$00000009) for _printf_d
    main.o(i.main) refers to _printf_dec.o(.text) for _printf_int_dec
    main.o(i.main) refers to _printf_s.o(.ARM.Collect$$_printf_percent$$00000014) for _printf_s
    main.o(i.main) refers to _printf_str.o(.text) for _printf_str
    main.o(i.main) refers to _printf_pad.o(.text) for _printf_pre_padding
    main.o(i.main) refers to stm32f4xx_hal.o(i.HAL_Init) for HAL_Init
    main.o(i.main) refers to sys.o(i.Stm32_Clock_Init) for Stm32_Clock_Init
    main.o(i.main) refers to delay.o(i.delay_init) for delay_init
    main.o(i.main) refers to usart.o(i.uart_init) for uart_init
    main.o(i.main) refers to led.o(i.LED_Init) for LED_Init
    main.o(i.main) refers to led.o(i.MOTOR_Init) for MOTOR_Init
    main.o(i.main) refers to stm32f4xx_hal_gpio.o(i.HAL_GPIO_WritePin) for HAL_GPIO_WritePin
    main.o(i.main) refers to led.o(i.Enable_Set) for Enable_Set
    main.o(i.main) refers to pwm.o(i.TIM9_PWM_Init) for TIM9_PWM_Init
    main.o(i.main) refers to pwm.o(i.TIM12_PWM_Init) for TIM12_PWM_Init
    main.o(i.main) refers to exti.o(i.EXTI_Init) for EXTI_Init
    main.o(i.main) refers to timer.o(i.TIM4_Encoder_Configration) for TIM4_Encoder_Configration
    main.o(i.main) refers to mlx90614.o(i.MLX90614init) for MLX90614init
    main.o(i.main) refers to sdram.o(i.SDRAM_Init) for SDRAM_Init
    main.o(i.main) refers to lcd.o(i.LCD_Init) for LCD_Init
    main.o(i.main) refers to rtc.o(i.RTC_Init) for RTC_Init
    main.o(i.main) refers to w25qxx.o(i.W25QXX_Init) for W25QXX_Init
    main.o(i.main) refers to malloc.o(i.my_mem_init) for my_mem_init
    main.o(i.main) refers to exfuns.o(i.exfuns_init) for exfuns_init
    main.o(i.main) refers to ff.o(i.f_mount) for f_mount
    main.o(i.main) refers to fontupd.o(i.font_init) for font_init
    main.o(i.main) refers to text.o(i.Show_Str) for Show_Str
    main.o(i.main) refers to noretval__2printf.o(.text) for __2printf
    main.o(i.main) refers to delay.o(i.delay_ms) for delay_ms
    main.o(i.main) refers to mlx90614.o(i.MLX90614_ReadTemp) for MLX90614_ReadTemp
    main.o(i.main) refers to tmp.o(i.tmp_to_string) for tmp_to_string
    main.o(i.main) refers to lcd.o(i.LCD_ShowString) for LCD_ShowString
    main.o(i.main) refers to tmp.o(i.tmp_to_printf) for tmp_to_printf
    main.o(i.main) refers to pwm.o(i.TIM_SetTIM12Compare1) for TIM_SetTIM12Compare1
    main.o(i.main) refers to timer.o(i.TIM3_Init) for TIM3_Init
    main.o(i.main) refers to led.o(i.DIR_Set) for DIR_Set
    main.o(i.main) refers to stm32f4xx_hal_rtc.o(i.HAL_RTC_GetTime) for HAL_RTC_GetTime
    main.o(i.main) refers to noretval__2sprintf.o(.text) for __2sprintf
    main.o(i.main) refers to stm32f4xx_hal_rtc.o(i.HAL_RTC_GetDate) for HAL_RTC_GetDate
    main.o(i.main) refers to lcd.o(i.LCD_ShowNum) for LCD_ShowNum
    main.o(i.main) refers to exfuns.o(.bss) for fs
    main.o(i.main) refers to lcd.o(.data) for POINT_COLOR
    main.o(i.main) refers to main.o(.data) for .data
    main.o(i.main) refers to rtc.o(.bss) for RTC_Handler
    stm32f4xx_it.o(i.SysTick_Handler) refers to stm32f4xx_hal.o(i.HAL_IncTick) for HAL_IncTick
    system_stm32f4xx.o(i.SystemCoreClockUpdate) refers to system_stm32f4xx.o(.data) for .data
    startup_stm32f429xx.o(STACK) refers (Special) to heapauxi.o(.text) for __use_two_region_memory
    startup_stm32f429xx.o(HEAP) refers (Special) to heapauxi.o(.text) for __use_two_region_memory
    startup_stm32f429xx.o(RESET) refers (Special) to heapauxi.o(.text) for __use_two_region_memory
    startup_stm32f429xx.o(RESET) refers to startup_stm32f429xx.o(STACK) for __initial_sp
    startup_stm32f429xx.o(RESET) refers to startup_stm32f429xx.o(.text) for Reset_Handler
    startup_stm32f429xx.o(RESET) refers to stm32f4xx_it.o(i.NMI_Handler) for NMI_Handler
    startup_stm32f429xx.o(RESET) refers to stm32f4xx_it.o(i.HardFault_Handler) for HardFault_Handler
    startup_stm32f429xx.o(RESET) refers to stm32f4xx_it.o(i.MemManage_Handler) for MemManage_Handler
    startup_stm32f429xx.o(RESET) refers to stm32f4xx_it.o(i.BusFault_Handler) for BusFault_Handler
    startup_stm32f429xx.o(RESET) refers to stm32f4xx_it.o(i.UsageFault_Handler) for UsageFault_Handler
    startup_stm32f429xx.o(RESET) refers to stm32f4xx_it.o(i.SVC_Handler) for SVC_Handler
    startup_stm32f429xx.o(RESET) refers to stm32f4xx_it.o(i.DebugMon_Handler) for DebugMon_Handler
    startup_stm32f429xx.o(RESET) refers to stm32f4xx_it.o(i.PendSV_Handler) for PendSV_Handler
    startup_stm32f429xx.o(RESET) refers to stm32f4xx_it.o(i.SysTick_Handler) for SysTick_Handler
    startup_stm32f429xx.o(RESET) refers to rtc.o(i.RTC_WKUP_IRQHandler) for RTC_WKUP_IRQHandler
[...]
    TIM1_CC_IRQHandler                       0x0800028b   Thumb Code     0  startup_stm32f429xx.o(.text)
    TIM1_TRG_COM_TIM11_IRQHandler            0x0800028b   Thumb Code     0  startup_stm32f429xx.o(.text)
    TIM1_UP_TIM10_IRQHandler                 0x0800028b   Thumb Code     0  startup_stm32f429xx.o(.text)
    TIM5_IRQHandler                          0x0800028b   Thumb Code     0  startup_stm32f429xx.o(.text)
    TIM6_DAC_IRQHandler                      0x0800028b   Thumb Code     0  startup_stm32f429xx.o(.text)
    TIM8_BRK_TIM12_IRQHandler                0x0800028b   Thumb Code     0  startup_stm32f429xx.o(.text)
    TIM8_CC_IRQHandler                       0x0800028b   Thumb Code     0  startup_stm32f429xx.o(.text)
    TIM8_TRG_COM_TIM14_IRQHandler            0x0800028b   Thumb Code     0  startup_stm32f429xx.o(.text)
    TIM8_UP_TIM13_IRQHandler                 0x0800028b   Thumb Code     0  startup_stm32f429xx.o(.text)
    UART4_IRQHandler                         0x0800028b   Thumb Code     0  startup_stm32f429xx.o(.text)
    UART5_IRQHandler                         0x0800028b   Thumb Code     0  startup_stm32f429xx.o(.text)
    UART7_IRQHandler                         0x0800028b   Thumb Code     0  startup_stm32f429xx.o(.text)
    UART8_IRQHandler                         0x0800028b   Thumb Code     0  startup_stm32f429xx.o(.text)
    USART2_IRQHandler                        0x0800028b   Thumb Code     0  startup_stm32f429xx.o(.text)
    USART3_IRQHandler                        0x0800028b   Thumb Code     0  startup_stm32f429xx.o(.text)
    USART6_IRQHandler                        0x0800028b   Thumb Code     0  startup_stm32f429xx.o(.text)
    WWDG_IRQHandler                          0x0800028b   Thumb Code     0  startup_stm32f429xx.o(.text)
    __user_initial_stackheap                 0x0800028d   Thumb Code     0  startup_stm32f429xx.o(.text)
    __use_no_semihosting                     0x080002b1   Thumb Code     2  use_no_semi_2.o(.text)
    __2printf                                0x080002b5   Thumb Code    20  noretval__2printf.o(.text)
    __2sprintf                               0x080002cd   Thumb Code    34  noretval__2sprintf.o(.text)
    __2snprintf                              0x080002f5   Thumb Code    48  noretval__2snprintf.o(.text)
    _printf_pre_padding                      0x08000329   Thumb Code    44  _printf_pad.o(.text)
    _printf_post_padding                     0x08000355   Thumb Code    34  _printf_pad.o(.text)
    _printf_str                              0x08000377   Thumb Code    82  _printf_str.o(.text)
    _printf_int_dec                          0x080003c9   Thumb Code   104  _printf_dec.o(.text)
    _printf_int_hex                          0x08000441   Thumb Code    84  _printf_hex_int.o(.text)
    _printf_longlong_hex                     0x08000441   Thumb Code     0  _printf_hex_int.o(.text)
    __printf                                 0x08000499   Thumb Code   308  __printf_flags_wp.o(.text)
    __aeabi_memcpy                           0x080005d1   Thumb Code     0  rt_memcpy_v6.o(.text)
    __rt_memcpy                              0x080005d1   Thumb Code   138  rt_memcpy_v6.o(.text)
    _memcpy_lastbytes                        0x08000637   Thumb Code     0  rt_memcpy_v6.o(.text)
    __aeabi_memcpy4                          0x0800065b   Thumb Code     0  rt_memcpy_w.o(.text)
    __aeabi_memcpy8                          0x0800065b   Thumb Code     0  rt_memcpy_w.o(.text)
    __rt_memcpy_w                            0x0800065b   Thumb Code   100  rt_memcpy_w.o(.text)
    _memcpy_lastbytes_aligned                0x080006a3   Thumb Code     0  rt_memcpy_w.o(.text)
    __aeabi_memclr                           0x080006bf   Thumb Code     0  rt_memclr.o(.text)
    __rt_memclr                              0x080006bf   Thumb Code    68  rt_memclr.o(.text)
    _memset                                  0x080006c3   Thumb Code     0  rt_memclr.o(.text)
    __aeabi_memclr4                          0x08000703   Thumb Code     0  rt_memclr_w.o(.text)
    __aeabi_memclr8                          0x08000703   Thumb Code     0  rt_memclr_w.o(.text)
    __rt_memclr_w                            0x08000703   Thumb Code    78  rt_memclr_w.o(.text)
    _memset_w                                0x08000707   Thumb Code     0  rt_memclr_w.o(.text)
    __use_two_region_memory                  0x08000751   Thumb Code     2  heapauxi.o(.text)
    __rt_heap_escrow$2region                 0x08000753   Thumb Code     2  heapauxi.o(.text)
    __rt_heap_expand$2region                 0x08000755   Thumb Code     2  heapauxi.o(.text)
    __I$use$semihosting                      0x08000757   Thumb Code     0  use_no_semi.o(.text)
    __use_no_semihosting_swi                 0x08000757   Thumb Code     2  use_no_semi.o(.text)
    _printf_int_common                       0x08000759   Thumb Code   178  _printf_intcommon.o(.text)
    _printf_char_common                      0x08000817   Thumb Code    32  _printf_char_common.o(.text)
    _sputc                                   0x0800083d   Thumb Code    10  _sputc.o(.text)
    _snputc                                  0x08000847   Thumb Code    16  _snputc.o(.text)
    _printf_cs_common                        0x08000857   Thumb Code    20  _printf_char.o(.text)
    _printf_char                             0x0800086b   Thumb Code    16  _printf_char.o(.text)
    _printf_string                           0x0800087b   Thumb Code     8  _printf_char.o(.text)
    _printf_char_file                        0x08000885   Thumb Code    32  _printf_char_file.o(.text)
    ferror                                   0x080008a9   Thumb Code     8  ferror.o(.text)
    __user_setup_stackheap                   0x080008b1   Thumb Code    74  sys_stackheap_outer.o(.text)
    exit                                     0x080008fb   Thumb Code    18  exit.o(.text)
    __user_libspace                          0x0800090d   Thumb Code     8  libspace.o(.text)
    __user_perproc_libspace                  0x0800090d   Thumb Code     0  libspace.o(.text)
    __user_perthread_libspace                0x0800090d   Thumb Code     0  libspace.o(.text)
    BusFault_Handler                         0x08000915   Thumb Code     2  stm32f4xx_it.o(i.BusFault_Handler)
    CRC8_Calc                                0x08000919   Thumb Code    26  mlx90614.o(i.CRC8_Calc)
    DIR_Set                                  0x08000939   Thumb Code    24  led.o(i.DIR_Set)
    DebugMon_Handler                         0x08000955   Thumb Code     2  stm32f4xx_it.o(i.DebugMon_Handler)
    EXTI15_10_IRQHandler                     0x08000957   Thumb Code     8  exti.o(i.EXTI15_10_IRQHandler)
    EXTI1_IRQHandler                         0x0800095f   Thumb Code     6  exti.o(i.EXTI1_IRQHandler)
    EXTI4_IRQHandler                         0x08000965   Thumb Code     6  exti.o(i.EXTI4_IRQHandler)
    EXTI9_5_IRQHandler                       0x0800096b   Thumb Code     8  exti.o(i.EXTI9_5_IRQHandler)
    EXTI_Init                                0x08000975   Thumb Code   150  exti.o(i.EXTI_Init)
    Enable_Set                               0x08000a21   Thumb Code    24  led.o(i.Enable_Set)
    FMC_NAND_AttributeSpace_Timing_Init      0x08000a3d   Thumb Code    48  stm32f4xx_ll_fmc.o(i.FMC_NAND_AttributeSpace_Timing_Init)
    FMC_NAND_CommonSpace_Timing_Init         0x08000a6d   Thumb Code    48  stm32f4xx_ll_fmc.o(i.FMC_NAND_CommonSpace_Timing_Init)
    FMC_NAND_Init                            0x08000a9d   Thumb Code    74  stm32f4xx_ll_fmc.o(i.FMC_NAND_Init)
    FMC_NORSRAM_Extended_Timing_Init         0x08000aed   Thumb Code    60  stm32f4xx_ll_fmc.o(i.FMC_NORSRAM_Extended_Timing_Init)
    FMC_NORSRAM_Init                         0x08000b2d   Thumb Code   110  stm32f4xx_ll_fmc.o(i.FMC_NORSRAM_Init)
    FMC_NORSRAM_Timing_Init                  0x08000ba5   Thumb Code    86  stm32f4xx_ll_fmc.o(i.FMC_NORSRAM_Timing_Init)
    FMC_SDRAM_Init                           0x08000c01   Thumb Code    76  stm32f4xx_ll_fmc.o(i.FMC_SDRAM_Init)
    FMC_SDRAM_ProgramRefreshRate             0x08000c4d   Thumb Code    12  stm32f4xx_ll_fmc.o(i.FMC_SDRAM_ProgramRefreshRate)
    FMC_SDRAM_SendCommand                    0x08000c59   Thumb Code    72  stm32f4xx_ll_fmc.o(i.FMC_SDRAM_SendCommand)
    FMC_SDRAM_Timing_Init                    0x08000ca1   Thumb Code   124  stm32f4xx_ll_fmc.o(i.FMC_SDRAM_Timing_Init)
    FTL_BadBlockMark                         0x08000d1d   Thumb Code    44  ftl.o(i.FTL_BadBlockMark)
    FTL_BlockCompare                         0x08000d4d   Thumb Code   156  ftl.o(i.FTL_BlockCompare)
    FTL_CheckBadBlock                        0x08000e1d   Thumb Code    70  ftl.o(i.FTL_CheckBadBlock)
    FTL_CopyAndWriteToBlock                  0x08000e69   Thumb Code   196  ftl.o(i.FTL_CopyAndWriteToBlock)
    FTL_CreateLUT                            0x08000f31   Thumb Code   170  ftl.o(i.FTL_CreateLUT)
    FTL_FindSamePlaneUnusedBlock             0x08000ff9   Thumb Code    66  ftl.o(i.FTL_FindSamePlaneUnusedBlock)
    FTL_FindUnusedBlock                      0x08001045   Thumb Code    62  ftl.o(i.FTL_FindUnusedBlock)
    FTL_Format                               0x08001089   Thumb Code   150  ftl.o(i.FTL_Format)
    FTL_Init                                 0x08001149   Thumb Code   106  ftl.o(i.FTL_Init)
    FTL_LBNToPBN                             0x08001229   Thumb Code    22  ftl.o(i.FTL_LBNToPBN)
    FTL_ReadSectors                          0x08001245   Thumb Code   266  ftl.o(i.FTL_ReadSectors)
    FTL_UsedBlockMark                        0x08001355   Thumb Code    26  ftl.o(i.FTL_UsedBlockMark)
    FTL_WriteSectors                         0x08001375   Thumb Code   274  ftl.o(i.FTL_WriteSectors)
    Get_HzMat                                0x0800148d   Thumb Code   146  text.o(i.Get_HzMat)
    HAL_Delay                                0x08001525   Thumb Code    22  stm32f4xx_hal.o(i.HAL_Delay)
    HAL_GPIO_EXTI_Callback                   0x0800153b   Thumb Code    42  exti.o(i.HAL_GPIO_EXTI_Callback)
    HAL_GPIO_EXTI_IRQHandler                 0x08001565   Thumb Code    18  stm32f4xx_hal_gpio.o(i.HAL_GPIO_EXTI_IRQHandler)
    HAL_GPIO_Init                            0x0800157d   Thumb Code   422  stm32f4xx_hal_gpio.o(i.HAL_GPIO_Init)
    HAL_GPIO_ReadPin                         0x08001759   Thumb Code    10  stm32f4xx_hal_gpio.o(i.HAL_GPIO_ReadPin)
    HAL_GPIO_WritePin                        0x08001763   Thumb Code    10  stm32f4xx_hal_gpio.o(i.HAL_GPIO_WritePin)
    HAL_GetTick                              0x0800176d   Thumb Code     6  stm32f4xx_hal.o(i.HAL_GetTick)
    HAL_I2CEx_ConfigAnalogFilter             0x08001779   Thumb Code    74  stm32f4xx_hal_i2c_ex.o(i.HAL_I2CEx_ConfigAnalogFilter)
    HAL_I2CEx_ConfigDigitalFilter            0x080017c3   Thumb Code    70  stm32f4xx_hal_i2c_ex.o(i.HAL_I2CEx_ConfigDigitalFilter)
    HAL_I2C_Init                             0x08001809   Thumb Code   246  stm32f4xx_hal_i2c.o(i.HAL_I2C_Init)
    HAL_I2C_Mem_Read                         0x08001909   Thumb Code   426  stm32f4xx_hal_i2c.o(i.HAL_I2C_Mem_Read)
    HAL_I2C_MspInit                          0x08001abd   Thumb Code   112  mlx90614.o(i.HAL_I2C_MspInit)
    HAL_IncTick                              0x08001b3d   Thumb Code    10  stm32f4xx_hal.o(i.HAL_IncTick)
    HAL_Init                                 0x08001b4d   Thumb Code    48  stm32f4xx_hal.o(i.HAL_Init)
    HAL_InitTick                             0x08001b81   Thumb Code    34  stm32f4xx_hal.o(i.HAL_InitTick)
    HAL_LTDC_ConfigLayer                     0x08001ba3   Thumb Code    82  stm32f4xx_hal_ltdc.o(i.HAL_LTDC_ConfigLayer)
    HAL_LTDC_Init                            0x08001bf5   Thumb Code   248  stm32f4xx_hal_ltdc.o(i.HAL_LTDC_Init)
    HAL_LTDC_MspInit                         0x08001cf1   Thumb Code   218  ltdc.o(i.HAL_LTDC_MspInit)
    HAL_LTDC_SetWindowPosition               0x08001de5   Thumb Code    84  stm32f4xx_hal_ltdc.o(i.HAL_LTDC_SetWindowPosition)
    HAL_LTDC_SetWindowSize                   0x08001e39   Thumb Code    84  stm32f4xx_hal_ltdc.o(i.HAL_LTDC_SetWindowSize)
    HAL_MspInit                              0x08001e8d   Thumb Code     8  stm32f4xx_hal.o(i.HAL_MspInit)
    HAL_NAND_Init                            0x08001e95   Thumb Code    98  stm32f4xx_hal_nand.o(i.HAL_NAND_Init)
    HAL_NAND_MspInit                         0x08001ef9   Thumb Code   158  nand.o(i.HAL_NAND_MspInit)
    HAL_NVIC_EnableIRQ                       0x08001fa9   Thumb Code    22  stm32f4xx_hal_cortex.o(i.HAL_NVIC_EnableIRQ)
    HAL_NVIC_SetPriority                     0x08001fc1   Thumb Code    60  stm32f4xx_hal_cortex.o(i.HAL_NVIC_SetPriority)
    HAL_NVIC_SetPriorityGrouping             0x08002001   Thumb Code    26  stm32f4xx_hal_cortex.o(i.HAL_NVIC_SetPriorityGrouping)
    HAL_PWREx_EnableOverDrive                0x08002025   Thumb Code   122  stm32f4xx_hal_pwr_ex.o(i.HAL_PWREx_EnableOverDrive)
    HAL_PWR_EnableBkUpAccess                 0x080020ad   Thumb Code    20  stm32f4xx_hal_pwr.o(i.HAL_PWR_EnableBkUpAccess)
    HAL_RCCEx_PeriphCLKConfig                0x080020c5   Thumb Code   644  stm32f4xx_hal_rcc_ex.o(i.HAL_RCCEx_PeriphCLKConfig)
    HAL_RCC_ClockConfig                      0x0800236d   Thumb Code   512  stm32f4xx_hal_rcc.o(i.HAL_RCC_ClockConfig)
    HAL_RCC_GetHCLKFreq                      0x08002575   Thumb Code    38  stm32f4xx_hal_rcc.o(i.HAL_RCC_GetHCLKFreq)
    HAL_RCC_GetPCLK1Freq                     0x080025a9   Thumb Code    36  stm32f4xx_hal_rcc.o(i.HAL_RCC_GetPCLK1Freq)
    HAL_RCC_GetPCLK2Freq                     0x080025d5   Thumb Code    36  stm32f4xx_hal_rcc.o(i.HAL_RCC_GetPCLK2Freq)
    HAL_RCC_GetSysClockFreq                  0x08002601   Thumb Code   104  stm32f4xx_hal_rcc.o(i.HAL_RCC_GetSysClockFreq)
    HAL_RCC_OscConfig                        0x08002675   Thumb Code   774  stm32f4xx_hal_rcc.o(i.HAL_RCC_OscConfig)
    HAL_RTCEx_AlarmBEventCallback            0x08002991   Thumb Code     2  stm32f4xx_hal_rtc_ex.o(i.HAL_RTCEx_AlarmBEventCallback)
    HAL_RTCEx_WakeUpTimerEventCallback       0x08002995   Thumb Code    20  rtc.o(i.HAL_RTCEx_WakeUpTimerEventCallback)
    HAL_RTCEx_WakeUpTimerIRQHandler          0x080029ad   Thumb Code    52  stm32f4xx_hal_rtc_ex.o(i.HAL_RTCEx_WakeUpTimerIRQHandler)
    HAL_RTC_AlarmAEventCallback              0x080029e5   Thumb Code     6  rtc.o(i.HAL_RTC_AlarmAEventCallback)
    HAL_RTC_AlarmIRQHandler                  0x080029f9   Thumb Code    86  stm32f4xx_hal_rtc.o(i.HAL_RTC_AlarmIRQHandler)
    HAL_RTC_GetDate                          0x08002a55   Thumb Code    62  stm32f4xx_hal_rtc.o(i.HAL_RTC_GetDate)
    HAL_RTC_GetTime                          0x08002a99   Thumb Code    82  stm32f4xx_hal_rtc.o(i.HAL_RTC_GetTime)
    HAL_RTC_Init                             0x08002af1   Thumb Code   150  stm32f4xx_hal_rtc.o(i.HAL_RTC_Init)
    HAL_RTC_MspInit                          0x08002b8d   Thumb Code    66  rtc.o(i.HAL_RTC_MspInit)
    HAL_SDRAM_Init                           0x08002bd9   Thumb Code    66  stm32f4xx_hal_sdram.o(i.HAL_SDRAM_Init)
    HAL_SDRAM_MspInit                        0x08002c1d   Thumb Code   194  sdram.o(i.HAL_SDRAM_MspInit)
    HAL_SDRAM_ProgramRefreshRate             0x08002cf9   Thumb Code    34  stm32f4xx_hal_sdram.o(i.HAL_SDRAM_ProgramRefreshRate)
    HAL_SDRAM_SendCommand                    0x08002d1b   Thumb Code    46  stm32f4xx_hal_sdram.o(i.HAL_SDRAM_SendCommand)
    HAL_SD_Get_CardInfo                      0x08002d49   Thumb Code   696  stm32f4xx_hal_sd.o(i.HAL_SD_Get_CardInfo)
    HAL_SD_Init                              0x08003001   Thumb Code   160  stm32f4xx_hal_sd.o(i.HAL_SD_Init)
    HAL_SD_MspInit                           0x080030a1   Thumb Code   120  sdio_sdcard.o(i.HAL_SD_MspInit)
    HAL_SD_ReadBlocks                        0x08003125   Thumb Code   380  stm32f4xx_hal_sd.o(i.HAL_SD_ReadBlocks)
    HAL_SD_StopTransfer                      0x080032a1   Thumb Code    44  stm32f4xx_hal_sd.o(i.HAL_SD_StopTransfer)
    HAL_SD_WideBusOperation_Config           0x080032cd   Thumb Code    94  stm32f4xx_hal_sd.o(i.HAL_SD_WideBusOperation_Config)
    HAL_SD_WriteBlocks                       0x0800332b   Thumb Code   464  stm32f4xx_hal_sd.o(i.HAL_SD_WriteBlocks)
    HAL_SPI_Init                             0x080034fb   Thumb Code   132  stm32f4xx_hal_spi.o(i.HAL_SPI_Init)
    HAL_SPI_MspInit                          0x08003581   Thumb Code    74  spi.o(i.HAL_SPI_MspInit)
    HAL_SPI_TransmitReceive                  0x080035d5   Thumb Code   682  stm32f4xx_hal_spi.o(i.HAL_SPI_TransmitReceive)
    HAL_SRAM_Init                            0x0800387f   Thumb Code    86  stm32f4xx_hal_sram.o(i.HAL_SRAM_Init)
    HAL_SRAM_MspInit                         0x080038d5   Thumb Code   106  lcd.o(i.HAL_SRAM_MspInit)
    HAL_SYSTICK_CLKSourceConfig              0x0800394d   Thumb Code    24  stm32f4xx_hal_cortex.o(i.HAL_SYSTICK_CLKSourceConfig)
    HAL_SYSTICK_Config                       0x08003965   Thumb Code    40  stm32f4xx_hal_cortex.o(i.HAL_SYSTICK_Config)
    HAL_TIMEx_BreakCallback                  0x0800398d   Thumb Code     2  stm32f4xx_hal_tim_ex.o(i.HAL_TIMEx_BreakCallback)
    HAL_TIMEx_CommutationCallback            0x0800398f   Thumb Code     2  stm32f4xx_hal_tim_ex.o(i.HAL_TIMEx_CommutationCallback)
    HAL_TIM_Encoder_Init                     0x08003991   Thumb Code   150  stm32f4xx_hal_tim.o(i.HAL_TIM_Encoder_Init)
    HAL_TIM_Encoder_MspInit                  0x08003a29   Thumb Code   108  timer.o(i.HAL_TIM_Encoder_MspInit)
    HAL_TIM_Encoder_Start                    0x08003aa1   Thumb Code    50  stm32f4xx_hal_tim.o(i.HAL_TIM_Encoder_Start)
    HAL_TIM_Encoder_Start_IT                 0x08003ad3   Thumb Code    92  stm32f4xx_hal_tim.o(i.HAL_TIM_Encoder_Start_IT)
    HAL_TIM_IC_CaptureCallback               0x08003b2f   Thumb Code     2  stm32f4xx_hal_tim.o(i.HAL_TIM_IC_CaptureCallback)
    HAL_TIM_IRQHandler                       0x08003b31   Thumb Code   358  stm32f4xx_hal_tim.o(i.HAL_TIM_IRQHandler)
    HAL_TIM_OC_DelayElapsedCallback          0x08003c97   Thumb Code     2  stm32f4xx_hal_tim.o(i.HAL_TIM_OC_DelayElapsedCallback)
    HAL_TIM_PWM_ConfigChannel                0x08003c99   Thumb Code   208  stm32f4xx_hal_tim.o(i.HAL_TIM_PWM_ConfigChannel)
    HAL_TIM_PWM_Init                         0x08003d69   Thumb Code    54  stm32f4xx_hal_tim.o(i.HAL_TIM_PWM_Init)
    HAL_TIM_PWM_MspInit                      0x08003da1   Thumb Code   142  pwm.o(i.HAL_TIM_PWM_MspInit)
    HAL_TIM_PWM_PulseFinishedCallback        0x08003e45   Thumb Code     2  stm32f4xx_hal_tim.o(i.HAL_TIM_PWM_PulseFinishedCallback)
    HAL_TIM_PWM_Start                        0x08003e49   Thumb Code    48  stm32f4xx_hal_tim.o(i.HAL_TIM_PWM_Start)
    HAL_TIM_PeriodElapsedCallback            0x08003e81   Thumb Code    34  timer.o(i.HAL_TIM_PeriodElapsedCallback)
    HAL_TIM_TriggerCallback                  0x08003eb1   Thumb Code     2  stm32f4xx_hal_tim.o(i.HAL_TIM_TriggerCallback)
    HAL_UART_ErrorCallback                   0x08003eb3   Thumb Code     2  stm32f4xx_hal_uart.o(i.HAL_UART_ErrorCallback)
    HAL_UART_GetState                        0x08003eb5   Thumb Code     6  stm32f4xx_hal_uart.o(i.HAL_UART_GetState)
    HAL_UART_IRQHandler                      0x08003ebb   Thumb Code   244  stm32f4xx_hal_uart.o(i.HAL_UART_IRQHandler)
    HAL_UART_Init                            0x08003faf   Thumb Code    94  stm32f4xx_hal_uart.o(i.HAL_UART_Init)
    HAL_UART_MspInit                         0x0800400d   Thumb Code   112  usart.o(i.HAL_UART_MspInit)
    HAL_UART_Receive_IT                      0x08004089   Thumb Code   104  stm32f4xx_hal_uart.o(i.HAL_UART_Receive_IT)
    HAL_UART_RxCpltCallback                  0x080040f1   Thumb Code    76  usart.o(i.HAL_UART_RxCpltCallback)
    HAL_UART_TxCpltCallback                  0x08004149   Thumb Code     2  stm32f4xx_hal_uart.o(i.HAL_UART_TxCpltCallback)
    HardFault_Handler                        0x0800414b   Thumb Code     2  stm32f4xx_it.o(i.HardFault_Handler)
    LCD_Clear                                0x08004339   Thumb Code    58  lcd.o(i.LCD_Clear)
    LCD_Display_Dir                          0x08004381   Thumb Code   234  lcd.o(i.LCD_Display_Dir)
    LCD_Fast_DrawPoint                       0x08004475   Thumb Code   238  lcd.o(i.LCD_Fast_DrawPoint)
    LCD_Init                                 0x08004571   Thumb Code  9094  lcd.o(i.LCD_Init)
    LCD_Pow                                  0x080068fd   Thumb Code    16  lcd.o(i.LCD_Pow)
    LCD_RD_DATA                              0x0800690d   Thumb Code    16  lcd.o(i.LCD_RD_DATA)
    LCD_SSD_BackLightSet                     0x08006921   Thumb Code    72  lcd.o(i.LCD_SSD_BackLightSet)
    LCD_Scan_Dir                             0x08006971   Thumb Code   434  lcd.o(i.LCD_Scan_Dir)
    LCD_SetCursor                            0x08006b29   Thumb Code   254  lcd.o(i.LCD_SetCursor)
    LCD_ShowChar                             0x08006c2d   Thumb Code   196  lcd.o(i.LCD_ShowChar)
    LCD_ShowNum                              0x08006d09   Thumb Code   118  lcd.o(i.LCD_ShowNum)
    LCD_ShowString                           0x08006d7f   Thumb Code    84  lcd.o(i.LCD_ShowString)
    LCD_WR_DATA                              0x08006dd5   Thumb Code    20  lcd.o(i.LCD_WR_DATA)
    LCD_WR_REG                               0x08006ded   Thumb Code    20  lcd.o(i.LCD_WR_REG)
    LCD_WriteRAM_Prepare                     0x08006e05   Thumb Code    10  lcd.o(i.LCD_WriteRAM_Prepare)
    LCD_WriteReg                             0x08006e19   Thumb Code    10  lcd.o(i.LCD_WriteReg)
    LED_Init                                 0x08006e29   Thumb Code    68  led.o(i.LED_Init)
    LTDC_Clear                               0x08006e75   Thumb Code    28  ltdc.o(i.LTDC_Clear)
    LTDC_Clk_Set                             0x08006e95   Thumb Code    30  ltdc.o(i.LTDC_Clk_Set)
    LTDC_Display_Dir                         0x08006eb5   Thumb Code    34  ltdc.o(i.LTDC_Display_Dir)
    LTDC_Draw_Point                          0x08006edd   Thumb Code    52  ltdc.o(i.LTDC_Draw_Point)
    LTDC_Fill                                0x08006f19   Thumb Code   162  ltdc.o(i.LTDC_Fill)
    LTDC_Init                                0x08006fcd   Thumb Code   494  ltdc.o(i.LTDC_Init)
    LTDC_Layer_Parameter_Config              0x080071d5   Thumb Code    86  ltdc.o(i.LTDC_Layer_Parameter_Config)
    LTDC_Layer_Window_Config                 0x08007231   Thumb Code    32  ltdc.o(i.LTDC_Layer_Window_Config)
    LTDC_PanelID_Read                        0x08007255   Thumb Code   170  ltdc.o(i.LTDC_PanelID_Read)
    MLX90614_ReadReg                         0x08007471   Thumb Code   116  mlx90614.o(i.MLX90614_ReadReg)
    MLX90614_ReadTemp                        0x080074e9   Thumb Code    46  mlx90614.o(i.MLX90614_ReadTemp)
    MLX90614_SendDebugMsg                    0x08007529   Thumb Code    52  mlx90614.o(i.MLX90614_SendDebugMsg)
    MLX90614init                             0x080075a5   Thumb Code   106  mlx90614.o(i.MLX90614init)
    MOTOR_Init                               0x08007621   Thumb Code   110  led.o(i.MOTOR_Init)
    MemManage_Handler                        0x08007699   Thumb Code     2  stm32f4xx_it.o(i.MemManage_Handler)
    NAND_CopyPageWithWrite                   0x0800769d   Thumb Code   406  nand.o(i.NAND_CopyPageWithWrite)
    NAND_CopyPageWithoutWrite                0x08007841   Thumb Code   108  nand.o(i.NAND_CopyPageWithoutWrite)
    NAND_Delay                               0x080078b9   Thumb Code    16  nand.o(i.NAND_Delay)
    NAND_ECC_Correction                      0x080078c9   Thumb Code   104  nand.o(i.NAND_ECC_Correction)
    NAND_ECC_Get_OE                          0x0800795d   Thumb Code    48  nand.o(i.NAND_ECC_Get_OE)
    NAND_EraseBlock                          0x0800798d   Thumb Code    62  nand.o(i.NAND_EraseBlock)
    NAND_Init                                0x080079e1   Thumb Code   156  nand.o(i.NAND_Init)
    NAND_ModeSet                             0x08007a8d   Thumb Code    42  nand.o(i.NAND_ModeSet)
    NAND_ReadID                              0x08007ac1   Thumb Code    64  nand.o(i.NAND_ReadID)
    NAND_ReadPage                            0x08007b09   Thumb Code   488  nand.o(i.NAND_ReadPage)
    NAND_ReadPageComp                        0x08007d45   Thumb Code    94  nand.o(i.NAND_ReadPageComp)
    NAND_ReadSpare                           0x08007dad   Thumb Code    28  nand.o(i.NAND_ReadSpare)
    NAND_ReadStatus                          0x08007dcd   Thumb Code    78  nand.o(i.NAND_ReadStatus)
    NAND_Reset                               0x08007e21   Thumb Code    24  nand.o(i.NAND_Reset)
    NAND_WaitForReady                        0x08007e3d   Thumb Code    34  nand.o(i.NAND_WaitForReady)
    NAND_WaitRB                              0x08007e65   Thumb Code    56  nand.o(i.NAND_WaitRB)
    NAND_WritePage                           0x08007ea1   Thumb Code   324  nand.o(i.NAND_WritePage)
    NAND_WritePageConst                      0x08007ff1   Thumb Code    70  nand.o(i.NAND_WritePageConst)
    NAND_WriteSpare                          0x08008041   Thumb Code    28  nand.o(i.NAND_WriteSpare)
    NMI_Handler                              0x08008061   Thumb Code     2  stm32f4xx_it.o(i.NMI_Handler)
    PendSV_Handler                           0x08008083   Thumb Code     2  stm32f4xx_it.o(i.PendSV_Handler)
    RTC_Alarm_IRQHandler                     0x08008085   Thumb Code     6  rtc.o(i.RTC_Alarm_IRQHandler)
    RTC_Bcd2ToByte                           0x08008091   Thumb Code    18  stm32f4xx_hal_rtc.o(i.RTC_Bcd2ToByte)
    RTC_EnterInitMode                        0x080080a3   Thumb Code    56  stm32f4xx_hal_rtc.o(i.RTC_EnterInitMode)
    RTC_Init                                 0x080080dd   Thumb Code    38  rtc.o(i.RTC_Init)
    RTC_WKUP_IRQHandler                      0x0800810d   Thumb Code     6  rtc.o(i.RTC_WKUP_IRQHandler)
    SDIO_DataConfig                          0x08008119   Thumb Code    36  stm32f4xx_ll_sdmmc.o(i.SDIO_DataConfig)
    SDIO_GetCommandResponse                  0x0800813d   Thumb Code     6  stm32f4xx_ll_sdmmc.o(i.SDIO_GetCommandResponse)
    SDIO_GetPowerState                       0x08008143   Thumb Code     8  stm32f4xx_ll_sdmmc.o(i.SDIO_GetPowerState)
    SDIO_GetResponse                         0x0800814d   Thumb Code    12  stm32f4xx_ll_sdmmc.o(i.SDIO_GetResponse)
    SDIO_Init                                0x0800815d   Thumb Code    36  stm32f4xx_ll_sdmmc.o(i.SDIO_Init)
    SDIO_PowerState_ON                       0x08008181   Thumb Code     8  stm32f4xx_ll_sdmmc.o(i.SDIO_PowerState_ON)
    SDIO_ReadFIFO                            0x08008189   Thumb Code     6  stm32f4xx_ll_sdmmc.o(i.SDIO_ReadFIFO)
    SDIO_SendCommand                         0x0800818f   Thumb Code    32  stm32f4xx_ll_sdmmc.o(i.SDIO_SendCommand)
    SDIO_WriteFIFO                           0x080081af   Thumb Code    10  stm32f4xx_ll_sdmmc.o(i.SDIO_WriteFIFO)
    SDRAM_Init                               0x080081b9   Thumb Code    86  sdram.o(i.SDRAM_Init)
    SDRAM_Initialization_Sequence            0x08008219   Thumb Code    74  sdram.o(i.SDRAM_Initialization_Sequence)
    SDRAM_Send_Cmd                           0x08008269   Thumb Code    48  sdram.o(i.SDRAM_Send_Cmd)
    SD_Init                                  0x08008579   Thumb Code    54  sdio_sdcard.o(i.SD_Init)
    SD_ReadDisk                              0x0800895d   Thumb Code   116  sdio_sdcard.o(i.SD_ReadDisk)
    SD_WriteDisk                             0x08008abd   Thumb Code   118  sdio_sdcard.o(i.SD_WriteDisk)
    SPI5_Init                                0x08008b39   Thumb Code    72  spi.o(i.SPI5_Init)
    SPI5_ReadWriteByte                       0x08008b89   Thumb Code    28  spi.o(i.SPI5_ReadWriteByte)
    SPI5_SetSpeed                            0x08008ba9   Thumb Code    46  spi.o(i.SPI5_SetSpeed)
    SVC_Handler                              0x08008c7b   Thumb Code     2  stm32f4xx_it.o(i.SVC_Handler)
    Show_Font                                0x08008c7d   Thumb Code   160  text.o(i.Show_Font)
    Show_Str                                 0x08008d25   Thumb Code   174  text.o(i.Show_Str)
    Stm32_Clock_Init                         0x08008dd5   Thumb Code   122  sys.o(i.Stm32_Clock_Init)
    SysTick_Handler                          0x08008e59   Thumb Code     4  stm32f4xx_it.o(i.SysTick_Handler)
    SystemInit                               0x08008e5d   Thumb Code    66  system_stm32f4xx.o(i.SystemInit)
    TIM12_PWM_Init                           0x08008eb1   Thumb Code    62  pwm.o(i.TIM12_PWM_Init)
    TIM2_IRQHandler                          0x08008ef9   Thumb Code    62  timer.o(i.TIM2_IRQHandler)
    TIM2_Init                                0x08008f41   Thumb Code    72  timer.o(i.TIM2_Init)
    TIM3_IRQHandler                          0x08008f8d   Thumb Code    80  timer.o(i.TIM3_IRQHandler)
    TIM3_Init                                0x08008fe9   Thumb Code    82  timer.o(i.TIM3_Init)
    TIM4_Encoder_Configration                0x08009045   Thumb Code    86  timer.o(i.TIM4_Encoder_Configration)
    TIM4_IRQHandler                          0x080090a5   Thumb Code     6  timer.o(i.TIM4_IRQHandler)
    TIM7_IRQHandler                          0x080090b1   Thumb Code    58  timer.o(i.TIM7_IRQHandler)
    TIM9_PWM_Init                            0x080090f5   Thumb Code    62  pwm.o(i.TIM9_PWM_Init)
    TIM_Base_SetConfig                       0x0800913d   Thumb Code   148  stm32f4xx_hal_tim.o(i.TIM_Base_SetConfig)
    TIM_CCxChannelCmd                        0x080091fd   Thumb Code    22  stm32f4xx_hal_tim.o(i.TIM_CCxChannelCmd)
    TIM_OC2_SetConfig                        0x0800926d   Thumb Code    90  stm32f4xx_hal_tim.o(i.TIM_OC2_SetConfig)
    TIM_SetTIM12Compare1                     0x08009381   Thumb Code     6  pwm.o(i.TIM_SetTIM12Compare1)
    USART1_IRQHandler                        0x08009611   Thumb Code    56  usart.o(i.USART1_IRQHandler)
    UsageFault_Handler                       0x08009655   Thumb Code     2  stm32f4xx_it.o(i.UsageFault_Handler)
    W25QXX_Erase_Sector                      0x08009659   Thumb Code    80  w25qxx.o(i.W25QXX_Erase_Sector)
    W25QXX_Init                              0x080096b1   Thumb Code   106  w25qxx.o(i.W25QXX_Init)
    W25QXX_Read                              0x0800972d   Thumb Code    94  w25qxx.o(i.W25QXX_Read)
    W25QXX_ReadID                            0x08009795   Thumb Code    62  w25qxx.o(i.W25QXX_ReadID)
    W25QXX_ReadSR                            0x080097d9   Thumb Code    52  w25qxx.o(i.W25QXX_ReadSR)
    W25QXX_Wait_Busy                         0x08009811   Thumb Code    14  w25qxx.o(i.W25QXX_Wait_Busy)
    W25QXX_Write                             0x08009821   Thumb Code   150  w25qxx.o(i.W25QXX_Write)
    W25QXX_Write_Enable                      0x080098bd   Thumb Code    26  w25qxx.o(i.W25QXX_Write_Enable)
    W25QXX_Write_NoCheck                     0x080098dd   Thumb Code    62  w25qxx.o(i.W25QXX_Write_NoCheck)
    W25QXX_Write_Page                        0x0800991d   Thumb Code   100  w25qxx.o(i.W25QXX_Write_Page)
    _is_digit                                0x08009989   Thumb Code    14  __printf_wp.o(i._is_digit)
    _sys_exit                                0x08009997   Thumb Code     2  usart.o(i._sys_exit)
    delay_init                               0x08009a25   Thumb Code    16  delay.o(i.delay_init)
    delay_ms                                 0x08009a39   Thumb Code    26  delay.o(i.delay_ms)
    delay_us                                 0x08009a55   Thumb Code    48  delay.o(i.delay_us)
    disk_initialize                          0x08009a89   Thumb Code    40  diskio.o(i.disk_initialize)
    disk_read                                0x08009ab1   Thumb Code   102  diskio.o(i.disk_read)
    disk_status                              0x08009b17   Thumb Code     4  diskio.o(i.disk_status)
    disk_write                               0x08009b1b   Thumb Code    96  diskio.o(i.disk_write)
    exfuns_init                              0x08009b7d   Thumb Code    92  exfuns.o(i.exfuns_init)
    f_mount                                  0x08009be1   Thumb Code    72  ff.o(i.f_mount)
    font_init                                0x08009f7d   Thumb Code    58  fontupd.o(i.font_init)
    fputc                                    0x08009fbd   Thumb Code    14  usart.o(i.fputc)
    main                                     0x0800a085   Thumb Code   800  main.o(i.main)
    my_mem_free                              0x0800a4b1   Thumb Code    80  malloc.o(i.my_mem_free)
    my_mem_init                              0x0800a509   Thumb Code    36  malloc.o(i.my_mem_init)
    my_mem_malloc                            0x0800a535   Thumb Code   128  malloc.o(i.my_mem_malloc)
    my_mem_perused                           0x0800a5bd   Thumb Code    50  malloc.o(i.my_mem_perused)
    myfree                                   0x0800a5f9   Thumb Code    20  malloc.o(i.myfree)
    mymalloc                                 0x0800a611   Thumb Code    28  malloc.o(i.mymalloc)
    mymemset                                 0x0800a631   Thumb Code    12  malloc.o(i.mymemset)
    tmp_to_printf                            0x0800a691   Thumb Code   146  tmp.o(i.tmp_to_printf)
    tmp_to_string                            0x0800a729   Thumb Code   164  tmp.o(i.tmp_to_string)
    uart_init                                0x0800a7d1   Thumb Code    44  usart.o(i.uart_init)
    __aeabi_d2f                              0x0800a809   Thumb Code     0  d2f.o(x$fpl$d2f)
    _d2f                                     0x0800a809   Thumb Code    98  d2f.o(x$fpl$d2f)
    __aeabi_dadd                             0x0800a86d   Thumb Code     0  daddsub_clz.o(x$fpl$dadd)
    _dadd                                    0x0800a86d   Thumb Code   332  daddsub_clz.o(x$fpl$dadd)
    __aeabi_d2uiz                            0x0800a9bd   Thumb Code     0  dfixu.o(x$fpl$dfixu)
    _dfixu                                   0x0800a9bd   Thumb Code    90  dfixu.o(x$fpl$dfixu)
    __aeabi_ui2d                             0x0800aa17   Thumb Code     0  dflt_clz.o(x$fpl$dfltu)
    _dfltu                                   0x0800aa17   Thumb Code    38  dflt_clz.o(x$fpl$dfltu)
    __aeabi_dmul                             0x0800aa3d   Thumb Code     0  dmul.o(x$fpl$dmul)
    _dmul                                    0x0800aa3d   Thumb Code   332  dmul.o(x$fpl$dmul)
    __fpl_dnaninf                            0x0800ab91   Thumb Code   156  dnaninf.o(x$fpl$dnaninf)
    __fpl_dretinf                            0x0800ac2d   Thumb Code    12  dretinf.o(x$fpl$dretinf)
    __aeabi_dsub                             0x0800ac39   Thumb Code     0  daddsub_clz.o(x$fpl$dsub)
    _dsub                                    0x0800ac39   Thumb Code   464  daddsub_clz.o(x$fpl$dsub)
    _fp_init                                 0x0800ae0d   Thumb Code    10  fpinit.o(x$fpl$fpinit)
    __fplib_config_fpu_vfp                   0x0800ae15   Thumb Code     0  fpinit.o(x$fpl$fpinit)
    __fplib_config_pureend_doubles           0x0800ae15   Thumb Code     0  fpinit.o(x$fpl$fpinit)
    __fpl_fretinf                            0x0800ae17   Thumb Code    10  fretinf.o(x$fpl$fretinf)
    APBAHBPrescTable                         0x0800ae20   Data          16  stm32f4xx_hal_rcc.o(.constdata)
    __I$use$fp                               0x0800ae20   Number         0  usenofp.o(x$fpl$usenofp)
    asc2_1206                                0x0800ae30   Data        1140  lcd.o(.constdata)
    asc2_1608                                0x0800b2a4   Data        1520  lcd.o(.constdata)
    asc2_2412                                0x0800b894   Data        3420  lcd.o(.constdata)
    asc2_3216                                0x0800c5f0   Data       12160  lcd.o(.constdata)
    memtblsize                               0x0800f670   Data          12  malloc.o(.constdata)
    memblksize                               0x0800f67c   Data          12  malloc.o(.constdata)
    memsize                                  0x0800f688   Data          12  malloc.o(.constdata)
    Region$$Table$$Base                      0x0800f720   Number         0  anon$$obj.o(Region$$Table)
    Region$$Table$$Limit                     0x0800f740   Number         0  anon$$obj.o(Region$$Table)
    mem3base                                 0x10000000   Data       61440  malloc.o(.ARM.__AT_0x10000000)
    mem3mapbase                              0x1000f000   Data        3840  malloc.o(.ARM.__AT_0x1000F000)
    biao                                     0x20000000   Data           1  main.o(.data)
    ccc                                      0x20000004   Data           4  main.o(.data)
    cc                                       0x20000008   Data           4  main.o(.data)
    c                                        0x2000000c   Data           4  main.o(.data)
    SystemCoreClock                          0x20000010   Data           4  system_stm32f4xx.o(.data)
    AHBPrescTable                            0x20000014   Data          16  system_stm32f4xx.o(.data)
    aRxBuffer                                0x2000002c   Data           1  usart.o(.data)
    USART_RX_STA                             0x2000002e   Data           2  usart.o(.data)
    __stdout                                 0x20000030   Data           4  usart.o(.data)
    POINT_COLOR                              0x20000034   Data           4  lcd.o(.data)
    BACK_COLOR                               0x20000038   Data           4  lcd.o(.data)
    ltdc_framebuf                            0x2000003c   Data           8  ltdc.o(.data)
    temp_buff                                0x20000044   Data           4  mlx90614.o(.data)
    i                                        0x20000048   Data           4  mlx90614.o(.data)
    W25QXX_TYPE                              0x2000004c   Data           2  w25qxx.o(.data)
    mallco_dev                               0x20000054   Data          36  malloc.o(.data)
    file                                     0x20000078   Data           4  exfuns.o(.data)
    ftemp                                    0x2000007c   Data           4  exfuns.o(.data)
    fatbuf                                   0x20000080   Data           4  exfuns.o(.data)
    USART_RX_BUF                             0x20000088   Data         200  usart.o(.bss)
    UART1_Handler                            0x20000150   Data          64  usart.o(.bss)
    SRAM_Handler                             0x20000190   Data          80  lcd.o(.bss)
    lcddev                                   0x200001e0   Data          14  lcd.o(.bss)
    LTDC_Handler                             0x200001f0   Data         168  ltdc.o(.bss)
    lcdltdc                                  0x20000298   Data          32  ltdc.o(.bss)
    RTC_Handler                              0x200002b8   Data          32  rtc.o(.bss)
    SDRAM_Handler                            0x200002d8   Data          52  sdram.o(.bss)
    TIM4_Handler                             0x2000030c   Data          60  timer.o(.bss)
    TIM4_Encoder_Handler                     0x20000348   Data          36  timer.o(.bss)
    hi2c1                                    0x2000036c   Data          60  mlx90614.o(.bss)
    W25QXX_BUFFER                            0x200003a8   Data        4096  w25qxx.o(.bss)
    SPI5_Handler                             0x200013a8   Data          88  spi.o(.bss)
    SDCARD_Handler                           0x20001400   Data          96  sdio_sdcard.o(.bss)
    SDCardInfo                               0x20001460   Data          88  sdio_sdcard.o(.bss)
    SDIO_DATA_BUFFER                         0x200014b8   Data         512  sdio_sdcard.o(.bss)
    NAND_Handler                             0x200016b8   Data          56  nand.o(.bss)
    nand_dev                                 0x200016f0   Data          92  nand.o(.bss)
    TIM9_Handler                             0x2000174c   Data          60  pwm.o(.bss)
    TIM9_CH2Handler                          0x20001788   Data          28  pwm.o(.bss)
    TIM12_Handler                            0x200017a4   Data          60  pwm.o(.bss)
    TIM12_CH1Handler                         0x200017e0   Data          28  pwm.o(.bss)
    mem1base                                 0x20001800   Data       163840  malloc.o(.bss)
    mem1mapbase                              0x20029800   Data       10240  malloc.o(.bss)
    fs                                       0x2002c000   Data          12  exfuns.o(.bss)
    ftinfo                                   0x2002c018   Data          41  fontupd.o(.bss)
    __libspace_start                         0x2002c044   Data          96  libspace.o(.bss)
    __temporary_stack_top$libspace           0x2002c0a4   Data           0  libspace.o(.bss)
    ltdc_lcd_framebuf                        0xc0000000   Data       2048000  ltdc.o(.ARM.__AT_0xC0000000)
    mem2base                                 0xc01f4000   Data       29605888  malloc.o(.ARM.__AT_0xC01F4000)
    mem2mapbase                              0xc1e30000   Data       1850368  malloc.o(.ARM.__AT_0xC1E30000)



==============================================================================

Memory Map of the image

  Image Entry point : 0x080001ad

  Load Region LR_IROM1 (Base: 0x08000000, Size: 0x0000f7c8, Max: 0x00100000, ABSOLUTE)

    Execution Region ER_IROM1 (Base: 0x08000000, Size: 0x0000f740, Max: 0x00100000, ABSOLUTE)

    Base Addr    Size         Type   Attr      Idx    E Section Name        Object

    0x08000000   0x000001ac   Data   RO          543    RESET               startup_stm32f429xx.o
    0x080001ac   0x00000008   Code   RO         7193  * !!!main             c_w.l(__main.o)
    0x080001b4   0x00000034   Code   RO         7404    !!!scatter          c_w.l(__scatter.o)
    0x080001e8   0x0000001a   Code   RO         7406    !!handler_copy      c_w.l(__scatter_copy.o)
    0x08000202   0x00000002   PAD
    0x08000204   0x0000001c   Code   RO         7408    !!handler_zi        c_w.l(__scatter_zi.o)
    0x08000220   0x00000000   Code   RO         7174    .ARM.Collect$$_printf_percent$$00000000  c_w.l(_printf_percent.o)
    0x08000220   0x00000006   Code   RO         7173    .ARM.Collect$$_printf_percent$$00000009  c_w.l(_printf_d.o)
    0x08000226   0x00000006   Code   RO         7172    .ARM.Collect$$_printf_percent$$0000000C  c_w.l(_printf_x.o)
    0x0800022c   0x00000006   Code   RO         7171    .ARM.Collect$$_printf_percent$$00000014  c_w.l(_printf_s.o)
    0x08000232   0x00000004   Code   RO         7234    .ARM.Collect$$_printf_percent$$00000017  c_w.l(_printf_percent_end.o)
    0x08000236   0x00000002   Code   RO         7278    .ARM.Collect$$libinit$$00000000  c_w.l(libinit.o)
    0x08000238   0x00000004   Code   RO         7290    .ARM.Collect$$libinit$$00000001  c_w.l(libinit2.o)
    0x0800023c   0x00000000   Code   RO         7293    .ARM.Collect$$libinit$$00000004  c_w.l(libinit2.o)
    0x0800023c   0x00000000   Code   RO         7296    .ARM.Collect$$libinit$$0000000A  c_w.l(libinit2.o)
    0x0800023c   0x00000000   Code   RO         7298    .ARM.Collect$$libinit$$0000000C  c_w.l(libinit2.o)
    0x0800023c   0x00000000   Code   RO         7300    .ARM.Collect$$libinit$$0000000E  c_w.l(libinit2.o)
    0x0800023c   0x00000000   Code   RO         7303    .ARM.Collect$$libinit$$00000011  c_w.l(libinit2.o)
    0x0800023c   0x00000000   Code   RO         7305    .ARM.Collect$$libinit$$00000013  c_w.l(libinit2.o)
    0x0800023c   0x00000000   Code   RO         7307    .ARM.Collect$$libinit$$00000015  c_w.l(libinit2.o)
    0x0800023c   0x00000000   Code   RO         7309    .ARM.Collect$$libinit$$00000017  c_w.l(libinit2.o)
    0x0800023c   0x00000000   Code   RO         7311    .ARM.Collect$$libinit$$00000019  c_w.l(libinit2.o)
    0x0800023c   0x00000000   Code   RO         7313    .ARM.Collect$$libinit$$0000001B  c_w.l(libinit2.o)
    0x0800023c   0x00000000   Code   RO         7315    .ARM.Collect$$libinit$$0000001D  c_w.l(libinit2.o)
    0x0800023c   0x00000000   Code   RO         7317    .ARM.Collect$$libinit$$0000001F  c_w.l(libinit2.o)
    0x0800023c   0x00000000   Code   RO         7319    .ARM.Collect$$libinit$$00000021  c_w.l(libinit2.o)
    0x0800023c   0x00000000   Code   RO         7321    .ARM.Collect$$libinit$$00000023  c_w.l(libinit2.o)
    0x0800023c   0x00000000   Code   RO         7323    .ARM.Collect$$libinit$$00000025  c_w.l(libinit2.o)
    0x0800023c   0x00000000   Code   RO         7327    .ARM.Collect$$libinit$$0000002C  c_w.l(libinit2.o)
    0x0800023c   0x00000000   Code   RO         7329    .ARM.Collect$$libinit$$0000002E  c_w.l(libinit2.o)
    0x0800023c   0x00000000   Code   RO         7331    .ARM.Collect$$libinit$$00000030  c_w.l(libinit2.o)
    0x0800023c   0x00000000   Code   RO         7333    .ARM.Collect$$libinit$$00000032  c_w.l(libinit2.o)
    0x0800023c   0x00000002   Code   RO         7334    .ARM.Collect$$libinit$$00000033  c_w.l(libinit2.o)
    0x0800023e   0x00000002   Code   RO         7360    .ARM.Collect$$libshutdown$$00000000  c_w.l(libshutdown.o)
    0x08000240   0x00000000   Code   RO         7387    .ARM.Collect$$libshutdown$$00000002  c_w.l(libshutdown2.o)
    0x08000240   0x00000000   Code   RO         7389    .ARM.Collect$$libshutdown$$00000004  c_w.l(libshutdown2.o)
    0x08000240   0x00000000   Code   RO         7392    .ARM.Collect$$libshutdown$$00000007  c_w.l(libshutdown2.o)
    0x08000240   0x00000000   Code   RO         7395    .ARM.Collect$$libshutdown$$0000000A  c_w.l(libshutdown2.o)
    0x08000240   0x00000000   Code   RO         7397    .ARM.Collect$$libshutdown$$0000000C  c_w.l(libshutdown2.o)
    0x08000240   0x00000000   Code   RO         7400    .ARM.Collect$$libshutdown$$0000000F  c_w.l(libshutdown2.o)
    0x08000240   0x00000002   Code   RO         7401    .ARM.Collect$$libshutdown$$00000010  c_w.l(libshutdown2.o)
    0x08000242   0x00000000   Code   RO         7217    .ARM.Collect$$rtentry$$00000000  c_w.l(__rtentry.o)
    0x08000242   0x00000000   Code   RO         7243    .ARM.Collect$$rtentry$$00000002  c_w.l(__rtentry2.o)
    0x08000242   0x00000006   Code   RO         7255    .ARM.Collect$$rtentry$$00000004  c_w.l(__rtentry4.o)
    0x08000248   0x00000000   Code   RO         7245    .ARM.Collect$$rtentry$$00000009  c_w.l(__rtentry2.o)
    0x08000248   0x00000004   Code   RO         7246    .ARM.Collect$$rtentry$$0000000A  c_w.l(__rtentry2.o)
    0x0800024c   0x00000000   Code   RO         7248    .ARM.Collect$$rtentry$$0000000C  c_w.l(__rtentry2.o)
    0x0800024c   0x00000008   Code   RO         7249    .ARM.Collect$$rtentry$$0000000D  c_w.l(__rtentry2.o)
    0x08000254   0x00000002   Code   RO         7282    .ARM.Collect$$rtexit$$00000000  c_w.l(rtexit.o)
    0x08000256   0x00000000   Code   RO         7336    .ARM.Collect$$rtexit$$00000002  c_w.l(rtexit2.o)
    0x08000256   0x00000004   Code   RO         7337    .ARM.Collect$$rtexit$$00000003  c_w.l(rtexit2.o)
    0x0800025a   0x00000006   Code   RO         7338    .ARM.Collect$$rtexit$$00000004  c_w.l(rtexit2.o)
    0x08000260   0x00000010   Code   RO         4910    .emb_text           sys.o
    0x08000270   0x00000040   Code   RO          544    .text               startup_stm32f429xx.o
    0x080002b0   0x00000002   Code   RO         7106    .text               c_w.l(use_no_semi_2.o)
    0x080002b2   0x00000002   PAD
    0x080002b4   0x00000018   Code   RO         7116    .text               c_w.l(noretval__2printf.o)
    0x080002cc   0x00000028   Code   RO         7118    .text               c_w.l(noretval__2sprintf.o)
    0x080002f4   0x00000034   Code   RO         7120    .text               c_w.l(noretval__2snprintf.o)
    0x08000328   0x0000004e   Code   RO         7124    .text               c_w.l(_printf_pad.o)
    0x08000376   0x00000052   Code   RO         7126    .text               c_w.l(_printf_str.o)
    0x080003c8   0x00000078   Code   RO         7128    .text               c_w.l(_printf_dec.o)
    0x08000440   0x00000058   Code   RO         7133    .text               c_w.l(_printf_hex_int.o)
    0x08000498   0x00000138   Code   RO         7163    .text               c_w.l(__printf_flags_wp.o)
    0x080005d0   0x0000008a   Code   RO         7181    .text               c_w.l(rt_memcpy_v6.o)
    0x0800065a   0x00000064   Code   RO         7183    .text               c_w.l(rt_memcpy_w.o)
    0x080006be   0x00000044   Code   RO         7185    .text               c_w.l(rt_memclr.o)
    0x08000702   0x0000004e   Code   RO         7187    .text               c_w.l(rt_memclr_w.o)
    0x08000750   0x00000006   Code   RO         7191    .text               c_w.l(heapauxi.o)
    0x08000756   0x00000002   Code   RO         7215    .text               c_w.l(use_no_semi.o)
    0x08000758   0x000000b2   Code   RO         7222    .text               c_w.l(_printf_intcommon.o)
    0x0800080a   0x00000002   PAD
    0x0800080c   0x00000030   Code   RO         7224    .text               c_w.l(_printf_char_common.o)
    0x0800083c   0x0000000a   Code   RO         7226    .text               c_w.l(_sputc.o)
    0x08000846   0x00000010   Code   RO         7228    .text               c_w.l(_snputc.o)
    0x08000856   0x0000002c   Code   RO         7230    .text               c_w.l(_printf_char.o)
    0x08000882   0x00000002   PAD
    0x08000884   0x00000024   Code   RO         7232    .text               c_w.l(_printf_char_file.o)
    0x080008a8   0x00000008   Code   RO         7261    .text               c_w.l(ferror.o)
    0x080008b0   0x0000004a   Code   RO         7265    .text               c_w.l(sys_stackheap_outer.o)
    0x080008fa   0x00000012   Code   RO         7267    .text               c_w.l(exit.o)
    0x0800090c   0x00000008   Code   RO         7279    .text               c_w.l(libspace.o)
    0x08000914   0x00000002   Code   RO          330    i.BusFault_Handler  stm32f4xx_it.o
    0x08000916   0x00000002   PAD
    0x08000918   0x00000020   Code   RO         5697    i.CRC8_Calc         mlx90614.o
    0x08000938   0x0000001c   Code   RO         5004    i.DIR_Set           led.o
    0x08000954   0x00000002   Code   RO          331    i.DebugMon_Handler  stm32f4xx_it.o
    0x08000956   0x00000008   Code   RO         5077    i.EXTI15_10_IRQHandler  exti.o
    0x0800095e   0x00000006   Code   RO         5078    i.EXTI1_IRQHandler  exti.o
    0x08000964   0x00000006   Code   RO         5079    i.EXTI4_IRQHandler  exti.o
    0x0800096a   0x00000008   Code   RO         5080    i.EXTI9_5_IRQHandler  exti.o
    0x08000972   0x00000002   PAD
    0x08000974   0x000000ac   Code   RO         5081    i.EXTI_Init         exti.o
    0x08000a20   0x0000001c   Code   RO         5005    i.Enable_Set        led.o
    0x08000a3c   0x00000030   Code   RO         3007    i.FMC_NAND_AttributeSpace_Timing_Init  stm32f4xx_ll_fmc.o
    0x08000a6c   0x00000030   Code   RO         3008    i.FMC_NAND_CommonSpace_Timing_Init  stm32f4xx_ll_fmc.o
    0x08000a9c   0x00000050   Code   RO         3013    i.FMC_NAND_Init     stm32f4xx_ll_fmc.o
    0x08000aec   0x00000040   Code   RO         3015    i.FMC_NORSRAM_Extended_Timing_Init  stm32f4xx_ll_fmc.o
    0x08000b2c   0x00000078   Code   RO         3016    i.FMC_NORSRAM_Init  stm32f4xx_ll_fmc.o
    0x08000ba4   0x0000005c   Code   RO         3017    i.FMC_NORSRAM_Timing_Init  stm32f4xx_ll_fmc.o
    0x08000c00   0x0000004c   Code   RO         3027    i.FMC_SDRAM_Init    stm32f4xx_ll_fmc.o
    0x08000c4c   0x0000000c   Code   RO         3028    i.FMC_SDRAM_ProgramRefreshRate  stm32f4xx_ll_fmc.o
    0x08000c58   0x00000048   Code   RO         3029    i.FMC_SDRAM_SendCommand  stm32f4xx_ll_fmc.o
    0x08000ca0   0x0000007c   Code   RO         3031    i.FMC_SDRAM_Timing_Init  stm32f4xx_ll_fmc.o
    0x08000d1c   0x00000030   Code   RO         6145    i.FTL_BadBlockMark  ftl.o
    0x08000d4c   0x000000d0   Code   RO         6146    i.FTL_BlockCompare  ftl.o
    0x08000e1c   0x0000004c   Code   RO         6147    i.FTL_CheckBadBlock  ftl.o
    0x08000e68   0x000000c8   Code   RO         6148    i.FTL_CopyAndWriteToBlock  ftl.o
    0x08000f30   0x000000c8   Code   RO         6149    i.FTL_CreateLUT     ftl.o
    0x08000ff8   0x0000004c   Code   RO         6150    i.FTL_FindSamePlaneUnusedBlock  ftl.o
    0x08001044   0x00000044   Code   RO         6151    i.FTL_FindUnusedBlock  ftl.o
    0x08001088   0x000000c0   Code   RO         6152    i.FTL_Format        ftl.o
    0x08001148   0x000000e0   Code   RO         6153    i.FTL_Init          ftl.o
    0x08001228   0x0000001c   Code   RO         6154    i.FTL_LBNToPBN      ftl.o
    0x08001244   0x00000110   Code   RO         6155    i.FTL_ReadSectors   ftl.o
    0x08001354   0x00000020   Code   RO         6157    i.FTL_UsedBlockMark  ftl.o
    0x08001374   0x00000118   Code   RO         6158    i.FTL_WriteSectors  ftl.o
    0x0800148c   0x00000098   Code   RO         6984    i.Get_HzMat         text.o
    0x08001524   0x00000016   Code   RO          558    i.HAL_Delay         stm32f4xx_hal.o
    0x0800153a   0x0000002a   Code   RO         5082    i.HAL_GPIO_EXTI_Callback  exti.o
    0x08001564   0x00000018   Code   RO          834    i.HAL_GPIO_EXTI_IRQHandler  stm32f4xx_hal_gpio.o
    0x0800157c   0x000001dc   Code   RO          835    i.HAL_GPIO_Init     stm32f4xx_hal_gpio.o
    0x08001758   0x0000000a   Code   RO          837    i.HAL_GPIO_ReadPin  stm32f4xx_hal_gpio.o
    0x08001762   0x0000000a   Code   RO          839    i.HAL_GPIO_WritePin  stm32f4xx_hal_gpio.o
    0x0800176c   0x0000000c   Code   RO          566    i.HAL_GetTick       stm32f4xx_hal.o
    0x08001778   0x0000004a   Code   RO         2107    i.HAL_I2CEx_ConfigAnalogFilter  stm32f4xx_hal_i2c_ex.o
    0x080017c2   0x00000046   Code   RO         2108    i.HAL_I2CEx_ConfigDigitalFilter  stm32f4xx_hal_i2c_ex.o
    0x08001808   0x00000100   Code   RO         1816    i.HAL_I2C_Init      stm32f4xx_hal_i2c.o
    0x08001908   0x000001b4   Code   RO         1828    i.HAL_I2C_Mem_Read  stm32f4xx_hal_i2c.o
    0x08001abc   0x00000080   Code   RO         5699    i.HAL_I2C_MspInit   mlx90614.o
    0x08001b3c   0x00000010   Code   RO          567    i.HAL_IncTick       stm32f4xx_hal.o
    0x08001b4c   0x00000034   Code   RO          568    i.HAL_Init          stm32f4xx_hal.o
    0x08001b80   0x00000022   Code   RO          569    i.HAL_InitTick      stm32f4xx_hal.o
    0x08001ba2   0x00000052   Code   RO         3465    i.HAL_LTDC_ConfigLayer  stm32f4xx_hal_ltdc.o
    0x08001bf4   0x000000fc   Code   RO         3477    i.HAL_LTDC_Init     stm32f4xx_hal_ltdc.o
    0x08001cf0   0x000000f4   Code   RO         5350    i.HAL_LTDC_MspInit  ltdc.o
    0x08001de4   0x00000054   Code   RO         3486    i.HAL_LTDC_SetWindowPosition  stm32f4xx_hal_ltdc.o
    0x08001e38   0x00000054   Code   RO         3487    i.HAL_LTDC_SetWindowSize  stm32f4xx_hal_ltdc.o
    0x08001e8c   0x00000008   Code   RO          571    i.HAL_MspInit       stm32f4xx_hal.o
    0x08001e94   0x00000062   Code   RO         4171    i.HAL_NAND_Init     stm32f4xx_hal_nand.o
    0x08001ef6   0x00000002   PAD
    0x08001ef8   0x000000b0   Code   RO         5999    i.HAL_NAND_MspInit  nand.o
    0x08001fa8   0x00000016   Code   RO          712    i.HAL_NVIC_EnableIRQ  stm32f4xx_hal_cortex.o
    0x08001fbe   0x00000002   PAD
    0x08001fc0   0x00000040   Code   RO          718    i.HAL_NVIC_SetPriority  stm32f4xx_hal_cortex.o
    0x08002000   0x00000024   Code   RO          719    i.HAL_NVIC_SetPriorityGrouping  stm32f4xx_hal_cortex.o
    0x08002024   0x00000088   Code   RO         1024    i.HAL_PWREx_EnableOverDrive  stm32f4xx_hal_pwr_ex.o
    0x080020ac   0x00000018   Code   RO          905    i.HAL_PWR_EnableBkUpAccess  stm32f4xx_hal_pwr.o
    0x080020c4   0x000002a8   Code   RO         1196    i.HAL_RCCEx_PeriphCLKConfig  stm32f4xx_hal_rcc_ex.o
    0x0800236c   0x00000208   Code   RO         1091    i.HAL_RCC_ClockConfig  stm32f4xx_hal_rcc.o
    0x08002574   0x00000034   Code   RO         1096    i.HAL_RCC_GetHCLKFreq  stm32f4xx_hal_rcc.o
    0x080025a8   0x0000002c   Code   RO         1098    i.HAL_RCC_GetPCLK1Freq  stm32f4xx_hal_rcc.o
    0x080025d4   0x0000002c   Code   RO         1099    i.HAL_RCC_GetPCLK2Freq  stm32f4xx_hal_rcc.o
    0x08002600   0x00000074   Code   RO         1100    i.HAL_RCC_GetSysClockFreq  stm32f4xx_hal_rcc.o
    0x08002674   0x0000031c   Code   RO         1103    i.HAL_RCC_OscConfig  stm32f4xx_hal_rcc.o
    0x08002990   0x00000002   Code   RO         3934    i.HAL_RTCEx_AlarmBEventCallback  stm32f4xx_hal_rtc_ex.o
    0x08002992   0x00000002   PAD
    0x08002994   0x00000018   Code   RO         5464    i.HAL_RTCEx_WakeUpTimerEventCallback  rtc.o
    0x080029ac   0x00000038   Code   RO         3968    i.HAL_RTCEx_WakeUpTimerIRQHandler  stm32f4xx_hal_rtc_ex.o
    0x080029e4   0x00000014   Code   RO         5465    i.HAL_RTC_AlarmAEventCallback  rtc.o
    0x080029f8   0x0000005c   Code   RO         3798    i.HAL_RTC_AlarmIRQHandler  stm32f4xx_hal_rtc.o
    0x08002a54   0x00000044   Code   RO         3802    i.HAL_RTC_GetDate   stm32f4xx_hal_rtc.o
    0x08002a98   0x00000058   Code   RO         3804    i.HAL_RTC_GetTime   stm32f4xx_hal_rtc.o
    0x08002af0   0x0000009c   Code   RO         3805    i.HAL_RTC_Init      stm32f4xx_hal_rtc.o
    0x08002b8c   0x0000004c   Code   RO         5466    i.HAL_RTC_MspInit   rtc.o
    0x08002bd8   0x00000042   Code   RO         3193    i.HAL_SDRAM_Init    stm32f4xx_hal_sdram.o
    0x08002c1a   0x00000002   PAD
    0x08002c1c   0x000000dc   Code   RO         5550    i.HAL_SDRAM_MspInit  sdram.o
    0x08002cf8   0x00000022   Code   RO         3196    i.HAL_SDRAM_ProgramRefreshRate  stm32f4xx_hal_sdram.o
    0x08002d1a   0x0000002e   Code   RO         3202    i.HAL_SDRAM_SendCommand  stm32f4xx_hal_sdram.o
    0x08002d48   0x000002b8   Code   RO         4548    i.HAL_SD_Get_CardInfo  stm32f4xx_hal_sd.o
    0x08003000   0x000000a0   Code   RO         4551    i.HAL_SD_Init       stm32f4xx_hal_sd.o
    0x080030a0   0x00000084   Code   RO         5943    i.HAL_SD_MspInit    sdio_sdcard.o
    0x08003124   0x0000017c   Code   RO         4554    i.HAL_SD_ReadBlocks  stm32f4xx_hal_sd.o
    0x080032a0   0x0000002c   Code   RO         4557    i.HAL_SD_StopTransfer  stm32f4xx_hal_sd.o
    0x080032cc   0x0000005e   Code   RO         4558    i.HAL_SD_WideBusOperation_Config  stm32f4xx_hal_sd.o
    0x0800332a   0x000001d0   Code   RO         4559    i.HAL_SD_WriteBlocks  stm32f4xx_hal_sd.o
    0x080034fa   0x00000084   Code   RO         4302    i.HAL_SPI_Init      stm32f4xx_hal_spi.o
    0x0800357e   0x00000002   PAD
    0x08003580   0x00000054   Code   RO         5895    i.HAL_SPI_MspInit   spi.o
    0x080035d4   0x000002aa   Code   RO         4311    i.HAL_SPI_TransmitReceive  stm32f4xx_hal_spi.o
    0x0800387e   0x00000056   Code   RO         3347    i.HAL_SRAM_Init     stm32f4xx_hal_sram.o
    0x080038d4   0x00000078   Code   RO         5131    i.HAL_SRAM_MspInit  lcd.o
    0x0800394c   0x00000018   Code   RO          721    i.HAL_SYSTICK_CLKSourceConfig  stm32f4xx_hal_cortex.o
    0x08003964   0x00000028   Code   RO          723    i.HAL_SYSTICK_Config  stm32f4xx_hal_cortex.o
    0x0800398c   0x00000002   Code   RO         2768    i.HAL_TIMEx_BreakCallback  stm32f4xx_hal_tim_ex.o
    0x0800398e   0x00000002   Code   RO         2769    i.HAL_TIMEx_CommutationCallback  stm32f4xx_hal_tim_ex.o
    0x08003990   0x00000096   Code   RO         2157    i.HAL_TIM_Encoder_Init  stm32f4xx_hal_tim.o
    0x08003a26   0x00000002   PAD
    0x08003a28   0x00000078   Code   RO         5608    i.HAL_TIM_Encoder_MspInit  timer.o
    0x08003aa0   0x00000032   Code   RO         2160    i.HAL_TIM_Encoder_Start  stm32f4xx_hal_tim.o
    0x08003ad2   0x0000005c   Code   RO         2162    i.HAL_TIM_Encoder_Start_IT  stm32f4xx_hal_tim.o
    0x08003b2e   0x00000002   Code   RO         2168    i.HAL_TIM_IC_CaptureCallback  stm32f4xx_hal_tim.o
    0x08003b30   0x00000166   Code   RO         2181    i.HAL_TIM_IRQHandler  stm32f4xx_hal_tim.o
    0x08003c96   0x00000002   Code   RO         2184    i.HAL_TIM_OC_DelayElapsedCallback  stm32f4xx_hal_tim.o
    0x08003c98   0x000000d0   Code   RO         2205    i.HAL_TIM_PWM_ConfigChannel  stm32f4xx_hal_tim.o
    0x08003d68   0x00000036   Code   RO         2208    i.HAL_TIM_PWM_Init  stm32f4xx_hal_tim.o
    0x08003d9e   0x00000002   PAD
    0x08003da0   0x000000a4   Code   RO         6254    i.HAL_TIM_PWM_MspInit  pwm.o
    0x08003e44   0x00000002   Code   RO         2211    i.HAL_TIM_PWM_PulseFinishedCallback  stm32f4xx_hal_tim.o
    0x08003e46   0x00000002   PAD
    0x08003e48   0x00000038   Code   RO         2212    i.HAL_TIM_PWM_Start  stm32f4xx_hal_tim.o
    0x08003e80   0x00000030   Code   RO         5609    i.HAL_TIM_PeriodElapsedCallback  timer.o
    0x08003eb0   0x00000002   Code   RO         2222    i.HAL_TIM_TriggerCallback  stm32f4xx_hal_tim.o
    0x08003eb2   0x00000002   Code   RO         1243    i.HAL_UART_ErrorCallback  stm32f4xx_hal_uart.o
    0x08003eb4   0x00000006   Code   RO         1245    i.HAL_UART_GetState  stm32f4xx_hal_uart.o
    0x08003eba   0x000000f4   Code   RO         1246    i.HAL_UART_IRQHandler  stm32f4xx_hal_uart.o
    0x08003fae   0x0000005e   Code   RO         1247    i.HAL_UART_Init     stm32f4xx_hal_uart.o
    0x0800400c   0x0000007c   Code   RO         4938    i.HAL_UART_MspInit  usart.o
    0x08004088   0x00000068   Code   RO         1252    i.HAL_UART_Receive_IT  stm32f4xx_hal_uart.o
    0x080040f0   0x00000058   Code   RO         4939    i.HAL_UART_RxCpltCallback  usart.o
    0x08004148   0x00000002   Code   RO         1258    i.HAL_UART_TxCpltCallback  stm32f4xx_hal_uart.o
    0x0800414a   0x00000002   Code   RO          332    i.HardFault_Handler  stm32f4xx_it.o
    0x0800414c   0x000000e0   Code   RO         1855    i.I2C_RequestMemoryRead  stm32f4xx_hal_i2c.o
    0x0800422c   0x0000008a   Code   RO         1857    i.I2C_WaitOnFlagUntilTimeout  stm32f4xx_hal_i2c.o
    0x080042b6   0x00000082   Code   RO         1858    i.I2C_WaitOnMasterAddressFlagUntilTimeout  stm32f4xx_hal_i2c.o
    0x08004338   0x00000048   Code   RO         5133    i.LCD_Clear         lcd.o
    0x08004380   0x000000f4   Code   RO         5137    i.LCD_Display_Dir   lcd.o
    0x08004474   0x000000fc   Code   RO         5142    i.LCD_Fast_DrawPoint  lcd.o
    0x08004570   0x0000238c   Code   RO         5144    i.LCD_Init          lcd.o
    0x080068fc   0x00000010   Code   RO         5145    i.LCD_Pow           lcd.o
    0x0800690c   0x00000014   Code   RO         5146    i.LCD_RD_DATA       lcd.o
    0x08006920   0x00000050   Code   RO         5149    i.LCD_SSD_BackLightSet  lcd.o
    0x08006970   0x000001b8   Code   RO         5150    i.LCD_Scan_Dir      lcd.o
    0x08006b28   0x00000104   Code   RO         5151    i.LCD_SetCursor     lcd.o
    0x08006c2c   0x000000dc   Code   RO         5153    i.LCD_ShowChar      lcd.o
    0x08006d08   0x00000076   Code   RO         5154    i.LCD_ShowNum       lcd.o
    0x08006d7e   0x00000054   Code   RO         5155    i.LCD_ShowString    lcd.o
    0x08006dd2   0x00000002   PAD
    0x08006dd4   0x00000018   Code   RO         5157    i.LCD_WR_DATA       lcd.o
    0x08006dec   0x00000018   Code   RO         5158    i.LCD_WR_REG        lcd.o
    0x08006e04   0x00000014   Code   RO         5160    i.LCD_WriteRAM_Prepare  lcd.o
    0x08006e18   0x00000010   Code   RO         5161    i.LCD_WriteReg      lcd.o
    0x08006e28   0x0000004c   Code   RO         5006    i.LED_Init          led.o
    0x08006e74   0x00000020   Code   RO         5351    i.LTDC_Clear        ltdc.o
    0x08006e94   0x0000001e   Code   RO         5352    i.LTDC_Clk_Set      ltdc.o
    0x08006eb2   0x00000002   PAD
    0x08006eb4   0x00000028   Code   RO         5354    i.LTDC_Display_Dir  ltdc.o
    0x08006edc   0x0000003c   Code   RO         5355    i.LTDC_Draw_Point   ltdc.o
    0x08006f18   0x000000b4   Code   RO         5356    i.LTDC_Fill         ltdc.o
    0x08006fcc   0x00000208   Code   RO         5357    i.LTDC_Init         ltdc.o
    0x080071d4   0x0000005c   Code   RO         5358    i.LTDC_Layer_Parameter_Config  ltdc.o
    0x08007230   0x00000024   Code   RO         5360    i.LTDC_Layer_Window_Config  ltdc.o
    0x08007254   0x000000b8   Code   RO         5361    i.LTDC_PanelID_Read  ltdc.o
    0x0800730c   0x00000162   Code   RO         3488    i.LTDC_SetConfig    stm32f4xx_hal_ltdc.o
    0x0800746e   0x00000002   PAD
    0x08007470   0x00000078   Code   RO         5700    i.MLX90614_ReadReg  mlx90614.o
    0x080074e8   0x00000040   Code   RO         5701    i.MLX90614_ReadTemp  mlx90614.o
    0x08007528   0x0000007c   Code   RO         5703    i.MLX90614_SendDebugMsg  mlx90614.o
    0x080075a4   0x0000007c   Code   RO         5705    i.MLX90614init      mlx90614.o
    0x08007620   0x00000078   Code   RO         5007    i.MOTOR_Init        led.o
    0x08007698   0x00000002   Code   RO          333    i.MemManage_Handler  stm32f4xx_it.o
    0x0800769a   0x00000002   PAD
    0x0800769c   0x000001a4   Code   RO         6000    i.NAND_CopyPageWithWrite  nand.o
    0x08007840   0x00000078   Code   RO         6001    i.NAND_CopyPageWithoutWrite  nand.o
    0x080078b8   0x00000010   Code   RO         6002    i.NAND_Delay        nand.o
    0x080078c8   0x00000094   Code   RO         6003    i.NAND_ECC_Correction  nand.o
    0x0800795c   0x00000030   Code   RO         6004    i.NAND_ECC_Get_OE   nand.o
    0x0800798c   0x00000054   Code   RO         6005    i.NAND_EraseBlock   nand.o
    0x080079e0   0x000000ac   Code   RO         6007    i.NAND_Init         nand.o
    0x08007a8c   0x00000034   Code   RO         6008    i.NAND_ModeSet      nand.o
    0x08007ac0   0x00000048   Code   RO         6009    i.NAND_ReadID       nand.o
    0x08007b08   0x0000023c   Code   RO         6010    i.NAND_ReadPage     nand.o
    0x08007d44   0x00000068   Code   RO         6011    i.NAND_ReadPageComp  nand.o
    0x08007dac   0x00000020   Code   RO         6012    i.NAND_ReadSpare    nand.o
    0x08007dcc   0x00000054   Code   RO         6013    i.NAND_ReadStatus   nand.o
    0x08007e20   0x0000001c   Code   RO         6014    i.NAND_Reset        nand.o
    0x08007e3c   0x00000028   Code   RO         6015    i.NAND_WaitForReady  nand.o
    0x08007e64   0x0000003c   Code   RO         6016    i.NAND_WaitRB       nand.o
    0x08007ea0   0x00000150   Code   RO         6017    i.NAND_WritePage    nand.o
    0x08007ff0   0x00000050   Code   RO         6018    i.NAND_WritePageConst  nand.o
    0x08008040   0x00000020   Code   RO         6019    i.NAND_WriteSpare   nand.o
    0x08008060   0x00000002   Code   RO          334    i.NMI_Handler       stm32f4xx_it.o
    0x08008062   0x00000020   Code   RO          725    i.NVIC_SetPriority  stm32f4xx_hal_cortex.o
    0x08008082   0x00000002   Code   RO          335    i.PendSV_Handler    stm32f4xx_it.o
    0x08008084   0x0000000c   Code   RO         5467    i.RTC_Alarm_IRQHandler  rtc.o
    0x08008090   0x00000012   Code   RO         3814    i.RTC_Bcd2ToByte    stm32f4xx_hal_rtc.o
    0x080080a2   0x00000038   Code   RO         3816    i.RTC_EnterInitMode  stm32f4xx_hal_rtc.o
    0x080080da   0x00000002   PAD
    0x080080dc   0x00000030   Code   RO         5468    i.RTC_Init          rtc.o
    0x0800810c   0x0000000c   Code   RO         5473    i.RTC_WKUP_IRQHandler  rtc.o
    0x08008118   0x00000024   Code   RO         4776    i.SDIO_DataConfig   stm32f4xx_ll_sdmmc.o
    0x0800813c   0x00000006   Code   RO         4777    i.SDIO_GetCommandResponse  stm32f4xx_ll_sdmmc.o
    0x08008142   0x00000008   Code   RO         4780    i.SDIO_GetPowerState  stm32f4xx_ll_sdmmc.o
    0x0800814a   0x00000002   PAD
    0x0800814c   0x00000010   Code   RO         4781    i.SDIO_GetResponse  stm32f4xx_ll_sdmmc.o
    0x0800815c   0x00000024   Code   RO         4782    i.SDIO_Init         stm32f4xx_ll_sdmmc.o
    0x08008180   0x00000008   Code   RO         4784    i.SDIO_PowerState_ON  stm32f4xx_ll_sdmmc.o
    0x08008188   0x00000006   Code   RO         4785    i.SDIO_ReadFIFO     stm32f4xx_ll_sdmmc.o
    0x0800818e   0x00000020   Code   RO         4786    i.SDIO_SendCommand  stm32f4xx_ll_sdmmc.o
    0x080081ae   0x0000000a   Code   RO         4788    i.SDIO_WriteFIFO    stm32f4xx_ll_sdmmc.o
    0x080081b8   0x00000060   Code   RO         5551    i.SDRAM_Init        sdram.o
    0x08008218   0x00000050   Code   RO         5552    i.SDRAM_Initialization_Sequence  sdram.o
    0x08008268   0x00000034   Code   RO         5553    i.SDRAM_Send_Cmd    sdram.o
    0x0800829c   0x000000ec   Code   RO         4563    i.SD_CmdResp1Error  stm32f4xx_hal_sd.o
    0x08008388   0x0000002e   Code   RO         4564    i.SD_CmdResp2Error  stm32f4xx_hal_sd.o
    0x080083b6   0x00000072   Code   RO         4565    i.SD_CmdResp6Error  stm32f4xx_hal_sd.o
    0x08008428   0x00000046   Code   RO         4566    i.SD_CmdResp7Error  stm32f4xx_hal_sd.o
    0x0800846e   0x0000010a   Code   RO         4571    i.SD_FindSCR        stm32f4xx_hal_sd.o
    0x08008578   0x00000040   Code   RO         5945    i.SD_Init           sdio_sdcard.o
    0x080085b8   0x000000dc   Code   RO         4572    i.SD_Initialize_Cards  stm32f4xx_hal_sd.o
    0x08008694   0x0000013c   Code   RO         4573    i.SD_IsCardProgramming  stm32f4xx_hal_sd.o
    0x080087d0   0x0000018c   Code   RO         4574    i.SD_PowerON        stm32f4xx_hal_sd.o
    0x0800895c   0x00000078   Code   RO         5946    i.SD_ReadDisk       sdio_sdcard.o
    0x080089d4   0x00000072   Code   RO         4575    i.SD_WideBus_Disable  stm32f4xx_hal_sd.o
    0x08008a46   0x00000074   Code   RO         4576    i.SD_WideBus_Enable  stm32f4xx_hal_sd.o
    0x08008aba   0x00000002   PAD
    0x08008abc   0x0000007c   Code   RO         5947    i.SD_WriteDisk      sdio_sdcard.o
    0x08008b38   0x00000050   Code   RO         5896    i.SPI5_Init         spi.o
    0x08008b88   0x00000020   Code   RO         5897    i.SPI5_ReadWriteByte  spi.o
    0x08008ba8   0x00000034   Code   RO         5898    i.SPI5_SetSpeed     spi.o
    0x08008bdc   0x0000009e   Code   RO         4333    i.SPI_WaitOnFlagUntilTimeout  stm32f4xx_hal_spi.o
    0x08008c7a   0x00000002   Code   RO          336    i.SVC_Handler       stm32f4xx_it.o
    0x08008c7c   0x000000a8   Code   RO         6985    i.Show_Font         text.o
    0x08008d24   0x000000ae   Code   RO         6986    i.Show_Str          text.o
    0x08008dd2   0x00000002   PAD
    0x08008dd4   0x00000084   Code   RO         4911    i.Stm32_Clock_Init  sys.o
    0x08008e58   0x00000004   Code   RO          337    i.SysTick_Handler   stm32f4xx_it.o
    0x08008e5c   0x00000054   Code   RO          409    i.SystemInit        system_stm32f4xx.o
    0x08008eb0   0x00000048   Code   RO         6255    i.TIM12_PWM_Init    pwm.o
    0x08008ef8   0x00000048   Code   RO         5610    i.TIM2_IRQHandler   timer.o
    0x08008f40   0x0000004c   Code   RO         5611    i.TIM2_Init         timer.o
    0x08008f8c   0x0000005c   Code   RO         5612    i.TIM3_IRQHandler   timer.o
    0x08008fe8   0x0000005c   Code   RO         5613    i.TIM3_Init         timer.o
    0x08009044   0x00000060   Code   RO         5614    i.TIM4_Encoder_Configration  timer.o
    0x080090a4   0x0000000c   Code   RO         5615    i.TIM4_IRQHandler   timer.o
    0x080090b0   0x00000044   Code   RO         5616    i.TIM7_IRQHandler   timer.o
    0x080090f4   0x00000048   Code   RO         6256    i.TIM9_PWM_Init     pwm.o
    0x0800913c   0x000000c0   Code   RO         2223    i.TIM_Base_SetConfig  stm32f4xx_hal_tim.o
    0x080091fc   0x00000016   Code   RO         2224    i.TIM_CCxChannelCmd  stm32f4xx_hal_tim.o
    0x08009212   0x00000002   PAD
    0x08009214   0x00000058   Code   RO         2232    i.TIM_OC1_SetConfig  stm32f4xx_hal_tim.o
    0x0800926c   0x00000064   Code   RO         2233    i.TIM_OC2_SetConfig  stm32f4xx_hal_tim.o
    0x080092d0   0x00000060   Code   RO         2234    i.TIM_OC3_SetConfig  stm32f4xx_hal_tim.o
    0x08009330   0x00000050   Code   RO         2235    i.TIM_OC4_SetConfig  stm32f4xx_hal_tim.o
    0x08009380   0x0000000c   Code   RO         6257    i.TIM_SetTIM12Compare1  pwm.o
    0x0800938c   0x000000a6   Code   RO         1265    i.UART_Receive_IT   stm32f4xx_hal_uart.o
    0x08009432   0x00000002   PAD
    0x08009434   0x00000174   Code   RO         1266    i.UART_SetConfig    stm32f4xx_hal_uart.o
    0x080095a8   0x00000066   Code   RO         1267    i.UART_Transmit_IT  stm32f4xx_hal_uart.o
    0x0800960e   0x00000002   PAD
    0x08009610   0x00000044   Code   RO         4940    i.USART1_IRQHandler  usart.o
    0x08009654   0x00000002   Code   RO          338    i.UsageFault_Handler  stm32f4xx_it.o
    0x08009656   0x00000002   PAD
    0x08009658   0x00000058   Code   RO         5779    i.W25QXX_Erase_Sector  w25qxx.o
    0x080096b0   0x0000007c   Code   RO         5780    i.W25QXX_Init       w25qxx.o
    0x0800972c   0x00000068   Code   RO         5782    i.W25QXX_Read       w25qxx.o
    0x08009794   0x00000044   Code   RO         5783    i.W25QXX_ReadID     w25qxx.o
    0x080097d8   0x00000038   Code   RO         5784    i.W25QXX_ReadSR     w25qxx.o
    0x08009810   0x0000000e   Code   RO         5786    i.W25QXX_Wait_Busy  w25qxx.o
    0x0800981e   0x00000002   PAD
    0x08009820   0x0000009c   Code   RO         5787    i.W25QXX_Write      w25qxx.o
    0x080098bc   0x00000020   Code   RO         5789    i.W25QXX_Write_Enable  w25qxx.o
    0x080098dc   0x0000003e   Code   RO         5790    i.W25QXX_Write_NoCheck  w25qxx.o
    0x0800991a   0x00000002   PAD
    0x0800991c   0x0000006c   Code   RO         5791    i.W25QXX_Write_Page  w25qxx.o
    0x08009988   0x0000000e   Code   RO         7161    i._is_digit         c_w.l(__printf_wp.o)
    0x08009996   0x00000002   Code   RO         4941    i._sys_exit         usart.o
    0x08009998   0x00000074   Code   RO         6581    i.check_fs          ff.o
    0x08009a0c   0x00000018   Code   RO         6584    i.clust2sect        ff.o
    0x08009a24   0x00000014   Code   RO         4872    i.delay_init        delay.o
    0x08009a38   0x0000001a   Code   RO         4873    i.delay_ms          delay.o
    0x08009a52   0x00000002   PAD
    0x08009a54   0x00000034   Code   RO         4874    i.delay_us          delay.o
    0x08009a88   0x00000028   Code   RO         6514    i.disk_initialize   diskio.o
    0x08009ab0   0x00000066   Code   RO         6516    i.disk_read         diskio.o
    0x08009b16   0x00000004   Code   RO         6517    i.disk_status       diskio.o
    0x08009b1a   0x00000060   Code   RO         6518    i.disk_write        diskio.o
    0x08009b7a   0x00000002   PAD
    0x08009b7c   0x00000064   Code   RO         6431    i.exfuns_init       exfuns.o
    0x08009be0   0x0000004c   Code   RO         6604    i.f_mount           ff.o
    0x08009c2c   0x00000350   Code   RO         6621    i.find_volume       ff.o
    0x08009f7c   0x00000040   Code   RO         7026    i.font_init         fontupd.o
    0x08009fbc   0x00000014   Code   RO         4942    i.fputc             usart.o
    0x08009fd0   0x0000003c   Code   RO         6626    i.get_ldnumber      ff.o
    0x0800a00c   0x00000016   Code   RO         6629    i.ld_dword          ff.o
    0x0800a022   0x00000056   Code   RO         6630    i.ld_qword          ff.o
    0x0800a078   0x0000000a   Code   RO         6631    i.ld_word           ff.o
    0x0800a082   0x00000002   PAD
    0x0800a084   0x000003e0   Code   RO            4    i.main              main.o
    0x0800a464   0x00000018   Code   RO         6634    i.mem_cmp           ff.o
    0x0800a47c   0x00000032   Code   RO         6637    i.move_window       ff.o
    0x0800a4ae   0x00000002   PAD
    0x0800a4b0   0x00000058   Code   RO         6308    i.my_mem_free       malloc.o
    0x0800a508   0x0000002c   Code   RO         6309    i.my_mem_init       malloc.o
    0x0800a534   0x00000088   Code   RO         6310    i.my_mem_malloc     malloc.o
    0x0800a5bc   0x0000003c   Code   RO         6311    i.my_mem_perused    malloc.o
    0x0800a5f8   0x00000018   Code   RO         6312    i.myfree            malloc.o
    0x0800a610   0x00000020   Code   RO         6313    i.mymalloc          malloc.o
    0x0800a630   0x0000000c   Code   RO         6315    i.mymemset          malloc.o
    0x0800a63c   0x00000052   Code   RO         6649    i.sync_window       ff.o
    0x0800a68e   0x00000002   PAD
    0x0800a690   0x00000098   Code   RO         7077    i.tmp_to_printf     tmp.o
    0x0800a728   0x000000a8   Code   RO         7078    i.tmp_to_string     tmp.o
    0x0800a7d0   0x00000038   Code   RO         4943    i.uart_init         usart.o
    0x0800a808   0x00000062   Code   RO         7195    x$fpl$d2f           fz_wm.l(d2f.o)
    0x0800a86a   0x00000002   PAD
    0x0800a86c   0x00000150   Code   RO         7197    x$fpl$dadd          fz_wm.l(daddsub_clz.o)
    0x0800a9bc   0x0000005a   Code   RO         7203    x$fpl$dfixu         fz_wm.l(dfixu.o)
    0x0800aa16   0x00000026   Code   RO         7207    x$fpl$dfltu         fz_wm.l(dflt_clz.o)
    0x0800aa3c   0x00000154   Code   RO         7213    x$fpl$dmul          fz_wm.l(dmul.o)
    0x0800ab90   0x0000009c   Code   RO         7235    x$fpl$dnaninf       fz_wm.l(dnaninf.o)
    0x0800ac2c   0x0000000c   Code   RO         7237    x$fpl$dretinf       fz_wm.l(dretinf.o)
    0x0800ac38   0x000001d4   Code   RO         7199    x$fpl$dsub          fz_wm.l(daddsub_clz.o)
    0x0800ae0c   0x0000000a   Code   RO         7348    x$fpl$fpinit        fz_wm.l(fpinit.o)
    0x0800ae16   0x0000000a   Code   RO         7239    x$fpl$fretinf       fz_wm.l(fretinf.o)
    0x0800ae20   0x00000000   Code   RO         7241    x$fpl$usenofp       fz_wm.l(usenofp.o)
    0x0800ae20   0x00000010   Data   RO         1104    .constdata          stm32f4xx_hal_rcc.o
    0x0800ae30   0x00004740   Data   RO         5164    .constdata          lcd.o
    0x0800f570   0x00000100   Data   RO         5707    .constdata          mlx90614.o
    0x0800f670   0x00000024   Data   RO         6323    .constdata          malloc.o
    0x0800f694   0x00000028   Data   RO         7134    .constdata          c_w.l(_printf_hex_int.o)
    0x0800f6bc   0x00000011   Data   RO         7164    .constdata          c_w.l(__printf_flags_wp.o)
    0x0800f6cd   0x00000003   PAD
    0x0800f6d0   0x0000004d   Data   RO         5708    .conststring        mlx90614.o
    0x0800f71d   0x00000003   PAD
    0x0800f720   0x00000020   Data   RO         7402    Region$$Table       anon$$obj.o


    Execution Region RW_IRAM1 (Base: 0x20000000, Size: 0x0002c6a8, Max: 0x00030000, ABSOLUTE)

    Base Addr    Size         Type   Attr      Idx    E Section Name        Object

    0x20000000   0x00000010   Data   RW            5    .data               main.o
    0x20000010   0x00000014   Data   RW          410    .data               system_stm32f4xx.o
    0x20000024   0x00000004   Data   RW          574    .data               stm32f4xx_hal.o
    0x20000028   0x00000004   Data   RW         4875    .data               delay.o
    0x2000002c   0x00000004   Data   RW         4945    .data               usart.o
    0x20000030   0x00000004   Data   RW         4946    .data               usart.o
    0x20000034   0x00000008   Data   RW         5165    .data               lcd.o
    0x2000003c   0x00000008   Data   RW         5368    .data               ltdc.o
    0x20000044   0x00000008   Data   RW         5709    .data               mlx90614.o
    0x2000004c   0x00000002   Data   RW         5794    .data               w25qxx.o
    0x2000004e   0x00000002   PAD
    0x20000050   0x00000004   Data   RW         6159    .data               ftl.o
    0x20000054   0x00000024   Data   RW         6324    .data               malloc.o
    0x20000078   0x0000000c   Data   RW         6438    .data               exfuns.o
    0x20000084   0x00000002   Data   RW         6655    .data               ff.o
    0x20000086   0x00000002   PAD
    0x20000088   0x00000108   Zero   RW         4944    .bss                usart.o
    0x20000190   0x0000005e   Zero   RW         5163    .bss                lcd.o
    0x200001ee   0x00000002   PAD
    0x200001f0   0x000000c8   Zero   RW         5366    .bss                ltdc.o
    0x200002b8   0x00000020   Zero   RW         5474    .bss                rtc.o
    0x200002d8   0x00000034   Zero   RW         5554    .bss                sdram.o
    0x2000030c   0x00000060   Zero   RW         5618    .bss                timer.o
    0x2000036c   0x0000003c   Zero   RW         5706    .bss                mlx90614.o
    0x200003a8   0x00001000   Zero   RW         5793    .bss                w25qxx.o
    0x200013a8   0x00000058   Zero   RW         5899    .bss                spi.o
    0x20001400   0x000002b8   Zero   RW         5948    .bss                sdio_sdcard.o
    0x200016b8   0x00000094   Zero   RW         6020    .bss                nand.o
    0x2000174c   0x000000b0   Zero   RW         6259    .bss                pwm.o
    0x200017fc   0x00000004   PAD
    0x20001800   0x00028000   Zero   RW         6321    .bss                malloc.o
    0x20029800   0x00002800   Zero   RW         6322    .bss                malloc.o
    0x2002c000   0x0000000c   Zero   RW         6433    .bss                exfuns.o
    0x2002c00c   0x0000000c   Zero   RW         6653    .bss                ff.o
    0x2002c018   0x00000029   Zero   RW         7030    .bss                fontupd.o
    0x2002c041   0x00000003   PAD
    0x2002c044   0x00000060   Zero   RW         7280    .bss                c_w.l(libspace.o)
    0x2002c0a4   0x00000004   PAD
    0x2002c0a8   0x00000200   Zero   RW          542    HEAP                startup_stm32f429xx.o
    0x2002c2a8   0x00000400   Zero   RW          541    STACK               startup_stm32f429xx.o



  Load Region LR$$.ARM.__AT_0x10000000 (Base: 0x10000000, Size: 0x00000000, Max: 0x0000f000, ABSOLUTE)

    Execution Region ER$$.ARM.__AT_0x10000000 (Base: 0x10000000, Size: 0x0000f000, Max: 0x0000f000, ABSOLUTE, UNINIT)

    Base Addr    Size         Type   Attr      Idx    E Section Name        Object

    0x10000000   0x0000f000   Zero   RW         6317    .ARM.__AT_0x10000000  malloc.o



  Load Region LR$$.ARM.__AT_0x1000F000 (Base: 0x1000f000, Size: 0x00000000, Max: 0x00000f00, ABSOLUTE)

    Execution Region ER$$.ARM.__AT_0x1000F000 (Base: 0x1000f000, Size: 0x00000f00, Max: 0x00000f00, ABSOLUTE, UNINIT)

    Base Addr    Size         Type   Attr      Idx    E Section Name        Object

    0x1000f000   0x00000f00   Zero   RW         6318    .ARM.__AT_0x1000F000  malloc.o



  Load Region LR$$.ARM.__AT_0xC0000000 (Base: 0xc0000000, Size: 0x00000000, Max: 0x001f4000, ABSOLUTE)

    Execution Region ER$$.ARM.__AT_0xC0000000 (Base: 0xc0000000, Size: 0x001f4000, Max: 0x001f4000, ABSOLUTE, UNINIT)

    Base Addr    Size         Type   Attr      Idx    E Section Name        Object

    0xc0000000   0x001f4000   Zero   RW         5365    .ARM.__AT_0xC0000000  ltdc.o



  Load Region LR$$.ARM.__AT_0xC01F4000 (Base: 0xc01f4000, Size: 0x00000000, Max: 0x01c3c000, ABSOLUTE)

    Execution Region ER$$.ARM.__AT_0xC01F4000 (Base: 0xc01f4000, Size: 0x01c3c000, Max: 0x01c3c000, ABSOLUTE, UNINIT)

    Base Addr    Size         Type   Attr      Idx    E Section Name        Object

    0xc01f4000   0x01c3c000   Zero   RW         6319    .ARM.__AT_0xC01F4000  malloc.o



  Load Region LR$$.ARM.__AT_0xC1E30000 (Base: 0xc1e30000, Size: 0x00000000, Max: 0x001c3c00, ABSOLUTE)

    Execution Region ER$$.ARM.__AT_0xC1E30000 (Base: 0xc1e30000, Size: 0x001c3c00, Max: 0x001c3c00, ABSOLUTE, UNINIT)

    Base Addr    Size         Type   Attr      Idx    E Section Name        Object

    0xc1e30000   0x001c3c00   Zero   RW         6320    .ARM.__AT_0xC1E30000  malloc.o


==============================================================================

Image component sizes


      Code (inc. data)   RO Data    RW Data    ZI Data      Debug   Object Name

        98          8          0          4          0       1843   delay.o
       242          0          0          0          0       3945   diskio.o
       100          8          0         12         12       1699   exfuns.o
       242         22          0          0          0       3339   exti.o
      1398         36          0          2         12      12986   ff.o
        64          6          0          0         41       1919   fontupd.o
      1904        296          0          4          0      11175   ftl.o
     11110        178      18240          8         94      19419   lcd.o
       252         26          0          0          0       2403   led.o
      1418        118          0          8    2048200       9084   ltdc.o
       992        192          0         16          0     493903   main.o
       396         42         36         36   31695616       6297   malloc.o
       592        134        333          8         60       4992   mlx90614.o
         0          0          0          0          0       2256   mycc936.o
      2676        288          0          0        148      17319   nand.o
       320         48          0          0        176       3076   pwm.o
       192         50          0          0         32       3559   rtc.o
       440         32          0          0        696       3907   sdio_sdcard.o
       448         46          0          0         52       3254   sdram.o
       248         28          0          0         88       2698   spi.o
        64         26        428          0       1536        800   startup_stm32f429xx.o
       144         16          0          4          0       4508   stm32f4xx_hal.o
       218         14          0          0          0      30709   stm32f4xx_hal_cortex.o
       520         60          0          0          0       3802   stm32f4xx_hal_gpio.o
      1184         26          0          0          0       6206   stm32f4xx_hal_i2c.o
       144          0          0          0          0       1907   stm32f4xx_hal_i2c_ex.o
       856          4          0          0          0       4585   stm32f4xx_hal_ltdc.o
        98          0          0          0          0       1192   stm32f4xx_hal_nand.o
        24          4          0          0          0        519   stm32f4xx_hal_pwr.o
       136         14          0          0          0       1248   stm32f4xx_hal_pwr_ex.o
      1572         72         16          0          0       6147   stm32f4xx_hal_rcc.o
       680         36          0          0          0       1620   stm32f4xx_hal_rcc_ex.o
       478         24          0          0          0       4653   stm32f4xx_hal_rtc.o
        58          4          0          0          0       1574   stm32f4xx_hal_rtc_ex.o
      3732         20          0          0          0      20504   stm32f4xx_hal_sd.o
       146          0          0          0          0       2616   stm32f4xx_hal_sdram.o
       972          0          0          0          0       3665   stm32f4xx_hal_spi.o
        86          0          0          0          0       1164   stm32f4xx_hal_sram.o
      1554         88          0          0          0      13476   stm32f4xx_hal_tim.o
         4          0          0          0          0       1582   stm32f4xx_hal_tim_ex.o
      1092          8          0          0          0       7119   stm32f4xx_hal_uart.o
        20          0          0          0          0       3754   stm32f4xx_it.o
       736         26          0          0          0       7949   stm32f4xx_ll_fmc.o
       158          4          0          0          0       5829   stm32f4xx_ll_sdmmc.o
       148         10          0          0          0       1551   sys.o
        84         18          0         20          0        961   system_stm32f4xx.o
       494         14          0          0          0       3447   text.o
       676         88          0          0         96       5844   timer.o
       320         10          0          0          0       1048   tmp.o
       358         54          0          8        264       5329   usart.o
       812         66          0          2       4096       7297   w25qxx.o

    ----------------------------------------------------------------------
     40758       2264      19088        136   33751228     771678   Object Totals
         0          0         32          0          0          0   (incl. Generated)
        58          0          3          4          9          0   (incl. Padding)

    ----------------------------------------------------------------------

      Code (inc. data)   RO Data    RW Data    ZI Data      Debug   Library Member Name

         8          0          0          0          0         68   __main.o
       312          4         17          0          0         92   __printf_flags_wp.o
        14          0          0          0          0         68   __printf_wp.o
         0          0          0          0          0          0   __rtentry.o
        12          0          0          0          0          0   __rtentry2.o
         6          0          0          0          0          0   __rtentry4.o
        52          8          0          0          0          0   __scatter.o
        26          0          0          0          0          0   __scatter_copy.o
        28          0          0          0          0          0   __scatter_zi.o
        44          0          0          0          0        108   _printf_char.o
        48          6          0          0          0         96   _printf_char_common.o
        36          4          0          0          0         80   _printf_char_file.o
         6          0          0          0          0          0   _printf_d.o
       120         16          0          0          0         92   _printf_dec.o
        88          4         40          0          0         88   _printf_hex_int.o
       178          0          0          0          0         88   _printf_intcommon.o
        78          0          0          0          0        108   _printf_pad.o
         0          0          0          0          0          0   _printf_percent.o
         4          0          0          0          0          0   _printf_percent_end.o
         6          0          0          0          0          0   _printf_s.o
        82          0          0          0          0         80   _printf_str.o
         6          0          0          0          0          0   _printf_x.o
        16          0          0          0          0         68   _snputc.o
        10          0          0          0          0         68   _sputc.o
        18          0          0          0          0         80   exit.o
         8          0          0          0          0         68   ferror.o
         6          0          0          0          0        152   heapauxi.o
         2          0          0          0          0          0   libinit.o
         6          0          0          0          0          0   libinit2.o
         2          0          0          0          0          0   libshutdown.o
         2          0          0          0          0          0   libshutdown2.o
         8          4          0          0         96         68   libspace.o
        24          4          0          0          0         84   noretval__2printf.o
        52          4          0          0          0         84   noretval__2snprintf.o
        40          6          0          0          0         84   noretval__2sprintf.o
        68          0          0          0          0         68   rt_memclr.o
        78          0          0          0          0         80   rt_memclr_w.o
       138          0          0          0          0         68   rt_memcpy_v6.o
       100          0          0          0          0         80   rt_memcpy_w.o
         2          0          0          0          0          0   rtexit.o
        10          0          0          0          0          0   rtexit2.o
        74          0          0          0          0         80   sys_stackheap_outer.o
         2          0          0          0          0         68   use_no_semi.o
         2          0          0          0          0         68   use_no_semi_2.o
        98          4          0          0          0        140   d2f.o
       804         16          0          0          0        368   daddsub_clz.o
        90          4          0          0          0        140   dfixu.o
        38          0          0          0          0        116   dflt_clz.o
       340         12          0          0          0        152   dmul.o
       156          4          0          0          0        140   dnaninf.o
        12          0          0          0          0        116   dretinf.o
        10          0          0          0          0        116   fpinit.o
        10          0          0          0          0        116   fretinf.o
         0          0          0          0          0          0   usenofp.o

    ----------------------------------------------------------------------
      3390        100         60          0        100       3640   Library Totals
        10          0          3          0          4          0   (incl. Padding)

    ----------------------------------------------------------------------

      Code (inc. data)   RO Data    RW Data    ZI Data      Debug   Library Name

      1822         60         57          0         96       2236   c_w.l
      1558         40          0          0          0       1404   fz_wm.l

    ----------------------------------------------------------------------
      3390        100         60          0        100       3640   Library Totals

    ----------------------------------------------------------------------

==============================================================================


      Code (inc. data)   RO Data    RW Data    ZI Data      Debug   

     44148       2364      19148        136   33751328     745822   Grand Totals
     44148       2364      19148        136   33751328     745822   ELF Image Totals
     44148       2364      19148        136          0          0   ROM Totals

==============================================================================

    Total RO  Size (Code + RO Data)                63296 (  61.81kB)
    Total RW  Size (RW Data + ZI Data)          33751464 (32960.41kB)
    Total ROM Size (Code + RO Data + RW Data)      63432 (  61.95kB)

==============================================================================

